<html>
<body>
<pre>
<h1>µVision Build Log</h1>
<h2>Project:</h2>
E:\ELECTRONICS\MCUs PROGRAMS_B\NRF PROGRAMS\examples\ble_peripheral\FRETX SAMPLE\pca10028\s130\arm4\ble_app_uart_s130_pca10028.uvproj
Project File Date:  11/09/2015

<h2>Output:</h2>
Rebuild target 'nrf51422_xxac_s130'
compiling main.c...
..\..\..\main.c(116): warning:  #223-D: function "advertising_init" declared implicitly
..\..\..\main.c(104): warning:  #177-D: variable "advdata" was declared but never referenced
..\..\..\main.c(105): warning:  #177-D: variable "scanrsp" was declared but never referenced
..\..\..\main.c(466): error:  #159: declaration is incompatible with previous "advertising_init" (declared at line 116)
..\..\..\main.c(527): warning:  #177-D: variable "start_string" was declared but never referenced
..\..\..\main.c(439): warning:  #177-D: function "uart_init" was declared but never referenced
..\..\..\main.c(466): warning:  #177-D: function "advertising_init" was declared but never referenced
..\..\..\main.c(514): warning:  #177-D: function "power_manage" was declared but never referenced
compiling bsp.c...
compiling bsp_btn_ble.c...
assembling arm_startup_nrf51.s...
compiling system_nrf51.c...
compiling ble_advdata.c...
compiling ble_advertising.c...
compiling ble_conn_params.c...
compiling ble_nus.c...
compiling ble_srv_common.c...
compiling app_uart_fifo.c...
compiling nrf_delay.c...
compiling nrf_drv_common.c...
compiling nrf_drv_gpiote.c...
compiling nrf_drv_uart.c...
compiling pstorage.c...
compiling app_button.c...
compiling app_error.c...
compiling app_fifo.c...
compiling app_timer.c...
compiling app_trace.c...
compiling nrf_assert.c...
compiling retarget.c...
compiling softdevice_handler.c...
Target not created
Rebuild target 'nrf51422_xxac_s130'
compiling main.c...
..\..\..\main.c(104): warning:  #177-D: variable "advdata" was declared but never referenced
..\..\..\main.c(105): warning:  #177-D: variable "scanrsp" was declared but never referenced
..\..\..\main.c(527): warning:  #177-D: variable "start_string" was declared but never referenced
..\..\..\main.c(439): warning:  #177-D: function "uart_init" was declared but never referenced
..\..\..\main.c(466): warning:  #177-D: function "advertising_init" was declared but never referenced
..\..\..\main.c(514): warning:  #177-D: function "power_manage" was declared but never referenced
compiling bsp.c...
compiling bsp_btn_ble.c...
assembling arm_startup_nrf51.s...
compiling system_nrf51.c...
compiling ble_advdata.c...
compiling ble_advertising.c...
compiling ble_conn_params.c...
compiling ble_nus.c...
compiling ble_srv_common.c...
compiling app_uart_fifo.c...
compiling nrf_delay.c...
compiling nrf_drv_common.c...
compiling nrf_drv_gpiote.c...
compiling nrf_drv_uart.c...
compiling pstorage.c...
compiling app_button.c...
compiling app_error.c...
compiling app_fifo.c...
compiling app_timer.c...
compiling app_trace.c...
compiling nrf_assert.c...
compiling retarget.c...
compiling softdevice_handler.c...
linking...
Program Size: Code=9960 RO-data=312 RW-data=208 ZI-data=3432  
FromELF: creating hex file...
".\_build\nrf51422_xxac_s130.axf" - 0 Error(s), 6 Warning(s).
Load "E:\\ELECTRONICS\\MCUs PROGRAMS_B\\NRF PROGRAMS\\examples\\ble_peripheral\\FRETX SAMPLE\\pca10028\\s130\\arm4\\_build\\nrf51422_xxac_s130.AXF" 
Set JLink Project File to "E:\ELECTRONICS\MCUs PROGRAMS_B\NRF PROGRAMS\examples\ble_peripheral\FRETX SAMPLE\pca10028\s130\arm4\JLinkSettings.ini"
* JLink Info: Device "NRF51422_XXAC" selected.
 
JLink info:
------------
DLL: V5.12f, compiled May 17 2016 16:03:35
Firmware: J-Link OB-SAM3U128-V2-NordicSemi compiled Mar 15 2016 18:03:17
Hardware: V1.00
S/N : 681875593 
 
* JLink Info: Found SWD-DP with ID 0x0BB11477
* JLink Info: Found Cortex-M0 r0p0, Little endian.
* JLink Info: FPUnit: 4 code (BP) slots and 0 literal slots
* JLink Info: CoreSight components:
* JLink Info: ROMTbl 0 @ F0000000
* JLink Info: ROMTbl 0 [0]: F00FF000, CID: B105100D, PID: 000BB471 ROM Table
* JLink Info: ROMTbl 1 @ E00FF000
* JLink Info: ROMTbl 1 [0]: FFF0F000, CID: B105E00D, PID: 000BB008 SCS
* JLink Info: ROMTbl 1 [1]: FFF02000, CID: B105E00D, PID: 000BB00A DWT
* JLink Info: ROMTbl 1 [2]: FFF03000, CID: B105E00D, PID: 000BB00B FPB
* JLink Info: ROMTbl 0 [1]: 00002000, CID: B105900D, PID: 000BB9A3 ???
ROMTableAddr = 0xE00FF003
 
Target info:
------------
Device: nRF51422_xxAC
VTarget = 3.300V
State of Pins: 
TCK: 0, TDI: 1, TDO: 1, TMS: 1, TRES: 1, TRST: 1
Hardware-Breakpoints: 4
Software-Breakpoints: 8192
Watchpoints:          2
JTAG speed: 1000 kHz
 
Erase Done.
Programming Done.
Verify OK.
Application running ...
Load "E:\\ELECTRONICS\\MCUs PROGRAMS_B\\NRF PROGRAMS\\examples\\ble_peripheral\\FRETX SAMPLE\\pca10028\\s130\\arm4\\_build\\nrf51422_xxac_s130.AXF" 
Set JLink Project File to "E:\ELECTRONICS\MCUs PROGRAMS_B\NRF PROGRAMS\examples\ble_peripheral\FRETX SAMPLE\pca10028\s130\arm4\JLinkSettings.ini"
* JLink Info: Device "NRF51422_XXAC" selected.
 
JLink info:
------------
DLL: V5.12f, compiled May 17 2016 16:03:35
Firmware: J-Link OB-SAM3U128-V2-NordicSemi compiled Mar 15 2016 18:03:17
Hardware: V1.00
S/N : 681875593 
 
* JLink Info: Found SWD-DP with ID 0x0BB11477
* JLink Info: Found Cortex-M0 r0p0, Little endian.
* JLink Info: FPUnit: 4 code (BP) slots and 0 literal slots
* JLink Info: CoreSight components:
* JLink Info: ROMTbl 0 @ F0000000
* JLink Info: ROMTbl 0 [0]: F00FF000, CID: B105100D, PID: 000BB471 ROM Table
* JLink Info: ROMTbl 1 @ E00FF000
* JLink Info: ROMTbl 1 [0]: FFF0F000, CID: B105E00D, PID: 000BB008 SCS
* JLink Info: ROMTbl 1 [1]: FFF02000, CID: B105E00D, PID: 000BB00A DWT
* JLink Info: ROMTbl 1 [2]: FFF03000, CID: B105E00D, PID: 000BB00B FPB
* JLink Info: ROMTbl 0 [1]: 00002000, CID: B105900D, PID: 000BB9A3 ???
ROMTableAddr = 0xE00FF003
 
Target info:
------------
Device: nRF51422_xxAC
VTarget = 3.300V
State of Pins: 
TCK: 0, TDI: 1, TDO: 1, TMS: 1, TRES: 1, TRST: 1
Hardware-Breakpoints: 4
Software-Breakpoints: 8192
Watchpoints:          2
JTAG speed: 1000 kHz
 
Erase Done.
Programming Done.
Verify OK.
Application running ...
Load "E:\\ELECTRONICS\\MCUs PROGRAMS_B\\NRF PROGRAMS\\examples\\ble_peripheral\\FRETX SAMPLE\\pca10028\\s130\\arm4\\_build\\nrf51422_xxac_s130.AXF" 
Set JLink Project File to "E:\ELECTRONICS\MCUs PROGRAMS_B\NRF PROGRAMS\examples\ble_peripheral\FRETX SAMPLE\pca10028\s130\arm4\JLinkSettings.ini"
* JLink Info: Device "NRF51422_XXAC" selected.
 
JLink info:
------------
DLL: V5.12f, compiled May 17 2016 16:03:35
Firmware: J-Link OB-SAM3U128-V2-NordicSemi compiled Mar 15 2016 18:03:17
Hardware: V1.00
S/N : 681875593 
 
* JLink Info: Found SWD-DP with ID 0x0BB11477
* JLink Info: Found Cortex-M0 r0p0, Little endian.
* JLink Info: FPUnit: 4 code (BP) slots and 0 literal slots
* JLink Info: CoreSight components:
* JLink Info: ROMTbl 0 @ F0000000
* JLink Info: ROMTbl 0 [0]: F00FF000, CID: B105100D, PID: 000BB471 ROM Table
* JLink Info: ROMTbl 1 @ E00FF000
* JLink Info: ROMTbl 1 [0]: FFF0F000, CID: B105E00D, PID: 000BB008 SCS
* JLink Info: ROMTbl 1 [1]: FFF02000, CID: B105E00D, PID: 000BB00A DWT
* JLink Info: ROMTbl 1 [2]: FFF03000, CID: B105E00D, PID: 000BB00B FPB
* JLink Info: ROMTbl 0 [1]: 00002000, CID: B105900D, PID: 000BB9A3 ???
ROMTableAddr = 0xE00FF003
 
Target info:
------------
Device: nRF51422_xxAC
VTarget = 3.300V
State of Pins: 
TCK: 0, TDI: 1, TDO: 1, TMS: 1, TRES: 1, TRST: 1
Hardware-Breakpoints: 4
Software-Breakpoints: 8192
Watchpoints:          2
JTAG speed: 1000 kHz
 
Erase Done.
Programming Done.
Verify OK.
Application running ...
Rebuild target 'nrf51422_xxac_s130'
compiling main.c...
..\..\..\main.c(104): warning:  #177-D: variable "advdata" was declared but never referenced
..\..\..\main.c(105): warning:  #177-D: variable "scanrsp" was declared but never referenced
..\..\..\main.c(527): warning:  #177-D: variable "start_string" was declared but never referenced
..\..\..\main.c(439): warning:  #177-D: function "uart_init" was declared but never referenced
..\..\..\main.c(514): warning:  #177-D: function "power_manage" was declared but never referenced
compiling bsp.c...
compiling bsp_btn_ble.c...
assembling arm_startup_nrf51.s...
compiling system_nrf51.c...
compiling ble_advdata.c...
compiling ble_advertising.c...
compiling ble_conn_params.c...
compiling ble_nus.c...
compiling ble_srv_common.c...
compiling app_uart_fifo.c...
compiling nrf_delay.c...
compiling nrf_drv_common.c...
compiling nrf_drv_gpiote.c...
compiling nrf_drv_uart.c...
compiling pstorage.c...
compiling app_button.c...
compiling app_error.c...
compiling app_fifo.c...
compiling app_timer.c...
compiling app_trace.c...
compiling nrf_assert.c...
compiling retarget.c...
compiling softdevice_handler.c...
linking...
Program Size: Code=10404 RO-data=312 RW-data=212 ZI-data=3428  
FromELF: creating hex file...
".\_build\nrf51422_xxac_s130.axf" - 0 Error(s), 5 Warning(s).
Load "E:\\ELECTRONICS\\MCUs PROGRAMS_B\\NRF PROGRAMS\\examples\\ble_peripheral\\FRETX SAMPLE\\pca10028\\s130\\arm4\\_build\\nrf51422_xxac_s130.AXF" 
Set JLink Project File to "E:\ELECTRONICS\MCUs PROGRAMS_B\NRF PROGRAMS\examples\ble_peripheral\FRETX SAMPLE\pca10028\s130\arm4\JLinkSettings.ini"
* JLink Info: Device "NRF51422_XXAC" selected.
 
JLink info:
------------
DLL: V5.12f, compiled May 17 2016 16:03:35
Firmware: J-Link OB-SAM3U128-V2-NordicSemi compiled Mar 15 2016 18:03:17
Hardware: V1.00
S/N : 681875593 
 
* JLink Info: Found SWD-DP with ID 0x0BB11477
* JLink Info: Found Cortex-M0 r0p0, Little endian.
* JLink Info: FPUnit: 4 code (BP) slots and 0 literal slots
* JLink Info: CoreSight components:
* JLink Info: ROMTbl 0 @ F0000000
* JLink Info: ROMTbl 0 [0]: F00FF000, CID: B105100D, PID: 000BB471 ROM Table
* JLink Info: ROMTbl 1 @ E00FF000
* JLink Info: ROMTbl 1 [0]: FFF0F000, CID: B105E00D, PID: 000BB008 SCS
* JLink Info: ROMTbl 1 [1]: FFF02000, CID: B105E00D, PID: 000BB00A DWT
* JLink Info: ROMTbl 1 [2]: FFF03000, CID: B105E00D, PID: 000BB00B FPB
* JLink Info: ROMTbl 0 [1]: 00002000, CID: B105900D, PID: 000BB9A3 ???
ROMTableAddr = 0xE00FF003
 
Target info:
------------
Device: nRF51422_xxAC
VTarget = 3.300V
State of Pins: 
TCK: 0, TDI: 1, TDO: 1, TMS: 1, TRES: 1, TRST: 1
Hardware-Breakpoints: 4
Software-Breakpoints: 8192
Watchpoints:          2
JTAG speed: 1000 kHz
 
Erase Done.
Programming Done.
Verify OK.
Application running ...
