<html>
<body>
<pre>
<h1>µVision Build Log</h1>
<h2>Project:</h2>
F:\ELECTRONICS\MCUs PROGRAMS_B\NRF PROGRAMS\examples\ble_peripheral\FRETX SAMPLE NEW\pca10028\s110\arm4\ble_app_uart_s110_pca10028.uvproj
Project File Date:  02/12/2017

<h2>Output:</h2>
Rebuild target 'nrf51422_xxac_s110'
compiling main.c...
..\..\..\main.c(703): warning:  #177-D: variable "advdata" was declared but never referenced
..\..\..\main.c(704): warning:  #177-D: variable "scanrsp" was declared but never referenced
..\..\..\main.c(1320): warning:  #177-D: variable "start_string" was declared but never referenced
..\..\..\main.c(1235): warning:  #177-D: function "uart_init" was declared but never referenced
compiling bsp.c...
compiling bsp_btn_ble.c...
assembling arm_startup_nrf51.s...
compiling system_nrf51.c...
compiling ble_advdata.c...
compiling ble_advertising.c...
compiling ble_conn_params.c...
compiling ble_nus.c...
compiling ble_srv_common.c...
compiling app_uart_fifo.c...
compiling nrf_delay.c...
compiling nrf_drv_common.c...
compiling nrf_drv_gpiote.c...
compiling nrf_drv_uart.c...
compiling pstorage.c...
compiling nrf_adc.c...
compiling app_button.c...
compiling app_error.c...
compiling app_fifo.c...
compiling app_timer.c...
compiling app_trace.c...
compiling nrf_assert.c...
compiling retarget.c...
compiling softdevice_handler.c...
linking...
Program Size: Code=12608 RO-data=312 RW-data=240 ZI-data=3416  
FromELF: creating hex file...
".\_build\nrf51422_xxac_s110.axf" - 0 Error(s), 4 Warning(s).
