ARM Linker, 5.02 [Build 28] [MDK-ARM Lite]

==============================================================================

Section Cross References

    main.o(i.advertising_init) refers to memseta.o(.text) for __aeabi_memclr4
    main.o(i.advertising_init) refers to ble_advertising.o(i.ble_advertising_init) for ble_advertising_init
    main.o(i.advertising_init) refers to app_error.o(i.app_error_handler) for app_error_handler
    main.o(i.advertising_init) refers to main.o(.data) for .data
    main.o(i.advertising_init) refers to main.o(i.on_adv_evt) for on_adv_evt
    main.o(i.all_clear) refers to main.o(.data) for .data
    main.o(i.assert_nrf_callback) refers to app_error.o(i.app_error_handler) for app_error_handler
    main.o(i.battery_level_get) refers to uidiv.o(.text) for __aeabi_uidivmod
    main.o(i.ble_evt_dispatch) refers to ble_conn_params.o(i.ble_conn_params_on_ble_evt) for ble_conn_params_on_ble_evt
    main.o(i.ble_evt_dispatch) refers to ble_nus.o(i.ble_nus_on_ble_evt) for ble_nus_on_ble_evt
    main.o(i.ble_evt_dispatch) refers to main.o(i.on_ble_evt) for on_ble_evt
    main.o(i.ble_evt_dispatch) refers to ble_advertising.o(i.ble_advertising_on_ble_evt) for ble_advertising_on_ble_evt
    main.o(i.ble_evt_dispatch) refers to bsp_btn_ble.o(i.bsp_btn_ble_on_ble_evt) for bsp_btn_ble_on_ble_evt
    main.o(i.ble_evt_dispatch) refers to main.o(.bss) for .bss
    main.o(i.bsp_event_handler) refers to main.o(i.leds_off) for leds_off
    main.o(i.bsp_event_handler) refers to main.o(i.sleep_mode_enter) for sleep_mode_enter
    main.o(i.bsp_event_handler) refers to app_error.o(i.app_error_handler) for app_error_handler
    main.o(i.bsp_event_handler) refers to ble_advertising.o(i.ble_advertising_restart_without_whitelist) for ble_advertising_restart_without_whitelist
    main.o(i.bsp_event_handler) refers to main.o(.data) for .data
    main.o(i.check_battery_status) refers to main.o(i.battery_level_get) for battery_level_get
    main.o(i.check_battery_status) refers to ble_nus.o(i.ble_nus_string_send) for ble_nus_string_send
    main.o(i.check_battery_status) refers to app_error.o(i.app_error_handler) for app_error_handler
    main.o(i.check_battery_status) refers to nrf_delay.o(i.nrf_delay_ms) for nrf_delay_ms
    main.o(i.check_battery_status) refers to main.o(i.sleep_mode_enter) for sleep_mode_enter
    main.o(i.check_battery_status) refers to main.o(.bss) for .bss
    main.o(i.col1_on) refers to main.o(i.nrf_gpio_pin_clear) for nrf_gpio_pin_clear
    main.o(i.col1_on) refers to main.o(i.nrf_gpio_pin_set) for nrf_gpio_pin_set
    main.o(i.col2_on) refers to main.o(i.nrf_gpio_pin_set) for nrf_gpio_pin_set
    main.o(i.col2_on) refers to main.o(i.nrf_gpio_pin_clear) for nrf_gpio_pin_clear
    main.o(i.col3_on) refers to main.o(i.nrf_gpio_pin_set) for nrf_gpio_pin_set
    main.o(i.col3_on) refers to main.o(i.nrf_gpio_pin_clear) for nrf_gpio_pin_clear
    main.o(i.col4_on) refers to main.o(i.nrf_gpio_pin_set) for nrf_gpio_pin_set
    main.o(i.col4_on) refers to main.o(i.nrf_gpio_pin_clear) for nrf_gpio_pin_clear
    main.o(i.col5_on) refers to main.o(i.nrf_gpio_pin_set) for nrf_gpio_pin_set
    main.o(i.col5_on) refers to main.o(i.nrf_gpio_pin_clear) for nrf_gpio_pin_clear
    main.o(i.conn_params_error_handler) refers to app_error.o(i.app_error_handler) for app_error_handler
    main.o(i.gpio_output) refers to main.o(i.nrf_gpio_cfg_output) for nrf_gpio_cfg_output
    main.o(i.leds_off) refers to main.o(i.nrf_gpio_pin_clear) for nrf_gpio_pin_clear
    main.o(i.leds_off) refers to main.o(i.nrf_gpio_pin_set) for nrf_gpio_pin_set
    main.o(i.main) refers to app_timer.o(i.app_timer_init) for app_timer_init
    main.o(i.main) refers to app_error.o(i.app_error_handler) for app_error_handler
    main.o(i.main) refers to bsp.o(i.bsp_init) for bsp_init
    main.o(i.main) refers to bsp_btn_ble.o(i.bsp_btn_ble_init) for bsp_btn_ble_init
    main.o(i.main) refers to main.o(i.gpio_output) for gpio_output
    main.o(i.main) refers to softdevice_handler.o(i.softdevice_handler_init) for softdevice_handler_init
    main.o(i.main) refers to softdevice_handler.o(i.softdevice_ble_evt_handler_set) for softdevice_ble_evt_handler_set
    main.o(i.main) refers to ble_nus.o(i.ble_nus_init) for ble_nus_init
    main.o(i.main) refers to main.o(i.advertising_init) for advertising_init
    main.o(i.main) refers to memseta.o(.text) for __aeabi_memclr4
    main.o(i.main) refers to ble_conn_params.o(i.ble_conn_params_init) for ble_conn_params_init
    main.o(i.main) refers to ble_advertising.o(i.ble_advertising_start) for ble_advertising_start
    main.o(i.main) refers to main.o(i.all_clear) for all_clear
    main.o(i.main) refers to main.o(i.leds_off) for leds_off
    main.o(i.main) refers to main.o(i.nrf_gpio_pin_set) for nrf_gpio_pin_set
    main.o(i.main) refers to main.o(i.nrf_gpio_pin_clear) for nrf_gpio_pin_clear
    main.o(i.main) refers to nrf_delay.o(i.nrf_delay_ms) for nrf_delay_ms
[...]
    app_timer.o(i.app_timer_stop) refers to app_timer.o(.data) for .data
    app_timer.o(i.app_timer_stop_all) refers to app_timer.o(i.user_id_get) for user_id_get
    app_timer.o(i.app_timer_stop_all) refers to app_timer.o(i.user_op_alloc) for user_op_alloc
    app_timer.o(i.app_timer_stop_all) refers to app_timer.o(i.timer_list_handler_sched) for timer_list_handler_sched
    app_timer.o(i.app_timer_stop_all) refers to app_timer.o(.data) for .data
    app_timer.o(i.compare_reg_update) refers to app_timer.o(.emb_text) for __asm___11_app_timer_c_cd27f9c3__nrf_delay_us
    app_timer.o(i.compare_reg_update) refers to app_timer.o(i.rtc1_stop) for rtc1_stop
    app_timer.o(i.compare_reg_update) refers to app_timer.o(.data) for .data
    app_timer.o(i.elapsed_ticks_acquire) refers to app_timer.o(.data) for .data
    app_timer.o(i.list_deletions_handler) refers to app_timer.o(.data) for .data
    app_timer.o(i.list_insertions_handler) refers to app_timer.o(i.timer_list_insert) for timer_list_insert
    app_timer.o(i.list_insertions_handler) refers to app_timer.o(.data) for .data
    app_timer.o(i.rtc1_stop) refers to app_timer.o(.emb_text) for __asm___11_app_timer_c_cd27f9c3__nrf_delay_us
    app_timer.o(i.rtc1_stop) refers to app_timer.o(.data) for .data
    app_timer.o(i.timer_list_handler) refers to app_timer.o(i.elapsed_ticks_acquire) for elapsed_ticks_acquire
    app_timer.o(i.timer_list_handler) refers to app_timer.o(i.list_deletions_handler) for list_deletions_handler
    app_timer.o(i.timer_list_handler) refers to app_timer.o(i.list_insertions_handler) for list_insertions_handler
    app_timer.o(i.timer_list_handler) refers to app_timer.o(i.compare_reg_update) for compare_reg_update
    app_timer.o(i.timer_list_handler) refers to app_timer.o(.data) for .data
    app_timer.o(i.timer_list_insert) refers to app_timer.o(.data) for .data
    app_timer.o(i.timer_timeouts_check) refers to app_error.o(i.app_error_handler) for app_error_handler
    app_timer.o(i.timer_timeouts_check) refers to app_timer.o(i.timer_list_handler_sched) for timer_list_handler_sched
    app_timer.o(i.timer_timeouts_check) refers to app_timer.o(.data) for .data
    retarget.o(i.fgetc) refers to app_uart_fifo.o(i.app_uart_get) for app_uart_get
    retarget.o(i.fputc) refers to app_uart_fifo.o(i.app_uart_put) for app_uart_put
    softdevice_handler.o(i.SWI2_IRQHandler) refers to app_error.o(i.app_error_handler) for app_error_handler
    softdevice_handler.o(i.SWI2_IRQHandler) refers to softdevice_handler.o(i.intern_softdevice_events_execute) for intern_softdevice_events_execute
    softdevice_handler.o(i.SWI2_IRQHandler) refers to softdevice_handler.o(.data) for .data
    softdevice_handler.o(i.intern_softdevice_events_execute) refers to app_error.o(i.app_error_handler) for app_error_handler
    softdevice_handler.o(i.intern_softdevice_events_execute) refers to softdevice_handler.o(.data) for .data
    softdevice_handler.o(i.softdevice_assertion_handler) refers (Weak) to main.o(i.assert_nrf_callback) for assert_nrf_callback
    softdevice_handler.o(i.softdevice_ble_evt_handler_set) refers to softdevice_handler.o(.data) for .data
    softdevice_handler.o(i.softdevice_handler_init) refers to softdevice_handler.o(.data) for .data
    softdevice_handler.o(i.softdevice_handler_init) refers to softdevice_handler.o(i.softdevice_assertion_handler) for softdevice_assertion_handler
    softdevice_handler.o(i.softdevice_handler_isEnabled) refers to softdevice_handler.o(.data) for .data
    softdevice_handler.o(i.softdevice_handler_sd_disable) refers to softdevice_handler.o(.data) for .data
    softdevice_handler.o(i.softdevice_sys_evt_handler_set) refers to softdevice_handler.o(.data) for .data
    entry.o(.ARM.Collect$$$$00000000) refers (Special) to entry7b.o(.ARM.Collect$$$$00000008) for _main_clock
    entry.o(.ARM.Collect$$$$00000000) refers (Special) to entry8.o(.ARM.Collect$$$$00000009) for _main_init
    entry.o(.ARM.Collect$$$$00000000) refers (Special) to entry5.o(.ARM.Collect$$$$00000004) for _main_scatterload
    entry.o(.ARM.Collect$$$$00000000) refers (Special) to entry2.o(.ARM.Collect$$$$00000001) for _main_stk
    idiv.o(.text) refers to uidiv.o(.text) for __aeabi_uidivmod
    entry2.o(.ARM.Collect$$$$00000001) refers to entry2.o(.ARM.Collect$$$$00002712) for __lit__00000000
    entry2.o(.ARM.Collect$$$$00002712) refers to arm_startup_nrf51.o(STACK) for __initial_sp
    entry2.o(__vectab_stack_and_reset_area) refers to arm_startup_nrf51.o(STACK) for __initial_sp
    entry2.o(__vectab_stack_and_reset_area) refers to entry.o(.ARM.Collect$$$$00000000) for __main
    entry5.o(.ARM.Collect$$$$00000004) refers to init.o(.text) for __scatterload
    entry8.o(.ARM.Collect$$$$00000009) refers to main.o(i.main) for main
    init.o(.text) refers to entry5.o(.ARM.Collect$$$$00000004) for __main_after_scatterload


==============================================================================

Removing Unused input sections from the image.

    Removing main.o(.rev16_text), (4 bytes).
    Removing main.o(.revsh_text), (4 bytes).
    Removing main.o(.emb_text), (30 bytes).
    Removing main.o(i.assert_nrf_callback), (20 bytes).
    Removing main.o(i.set_row6), (116 bytes).
    Removing main.o(i.shut_down), (8 bytes).
    Removing main.o(i.uart_event_handle), (104 bytes).
    Removing main.o(.constdata), (1 bytes).
    Removing main.o(.constdata), (1 bytes).
    Removing main.o(.constdata), (1 bytes).
    Removing main.o(.constdata), (1 bytes).
    Removing main.o(.constdata), (1 bytes).
    Removing main.o(.constdata), (1 bytes).
    Removing main.o(.constdata), (1 bytes).
    Removing main.o(.constdata), (1 bytes).
    Removing main.o(.constdata), (1 bytes).
    Removing main.o(.constdata), (1 bytes).
    Removing main.o(.constdata), (1 bytes).
    Removing main.o(.data), (1 bytes).
    Removing main.o(.data), (1 bytes).
    Removing main.o(.data), (1 bytes).
    Removing main.o(.data), (1 bytes).
    Removing main.o(.data), (4 bytes).
    Removing bsp.o(.rev16_text), (4 bytes).
    Removing bsp.o(.revsh_text), (4 bytes).
    Removing bsp.o(i.bsp_buttons_disable), (8 bytes).
    Removing bsp.o(i.bsp_buttons_enable), (8 bytes).
    Removing bsp.o(i.bsp_buttons_state_get), (60 bytes).
    Removing bsp.o(i.bsp_indication_text_set), (8 bytes).
    Removing bsp_btn_ble.o(.rev16_text), (4 bytes).
    Removing bsp_btn_ble.o(.revsh_text), (4 bytes).
    Removing arm_startup_nrf51.o(HEAP), (2048 bytes).
    Removing system_nrf51.o(.rev16_text), (4 bytes).
    Removing system_nrf51.o(.revsh_text), (4 bytes).
    Removing system_nrf51.o(i.SystemCoreClockUpdate), (16 bytes).
    Removing ble_advertising.o(.rev16_text), (4 bytes).
    Removing ble_advertising.o(.revsh_text), (4 bytes).
    Removing ble_advertising.o(i.ble_advertising_on_sys_evt), (48 bytes).
    Removing ble_advertising.o(i.ble_advertising_peer_addr_reply), (48 bytes).
    Removing ble_advertising.o(i.ble_advertising_whitelist_reply), (84 bytes).
    Removing ble_conn_params.o(i.ble_conn_params_change_conn_params), (80 bytes).
    Removing ble_conn_params.o(i.ble_conn_params_stop), (16 bytes).
    Removing ble_srv_common.o(i.ble_srv_ascii_to_utf8), (18 bytes).
    Removing ble_srv_common.o(i.ble_srv_report_ref_encode), (12 bytes).
    Removing ble_srv_common.o(i.characteristic_add), (400 bytes).
    Removing ble_srv_common.o(i.descriptor_add), (176 bytes).
    Removing ble_srv_common.o(i.set_security_req), (58 bytes).
    Removing app_uart_fifo.o(.rev16_text), (4 bytes).
    Removing app_uart_fifo.o(.revsh_text), (4 bytes).
    Removing app_uart_fifo.o(i.app_uart_close), (10 bytes).
    Removing app_uart_fifo.o(i.app_uart_flush), (28 bytes).
    Removing app_uart_fifo.o(i.app_uart_get), (52 bytes).
    Removing app_uart_fifo.o(i.app_uart_init), (160 bytes).
    Removing app_uart_fifo.o(i.app_uart_put), (40 bytes).
    Removing app_uart_fifo.o(i.uart_event_handler), (164 bytes).
    Removing app_uart_fifo.o(.bss), (32 bytes).
    Removing app_uart_fifo.o(.constdata), (32 bytes).
    Removing app_uart_fifo.o(.data), (8 bytes).
    Removing nrf_delay.o(.rev16_text), (4 bytes).
    Removing nrf_delay.o(.revsh_text), (4 bytes).
    Removing nrf_drv_common.o(.rev16_text), (4 bytes).
    Removing nrf_drv_common.o(.revsh_text), (4 bytes).
    Removing nrf_drv_gpiote.o(.rev16_text), (4 bytes).
    Removing nrf_drv_gpiote.o(.revsh_text), (4 bytes).
    Removing nrf_drv_gpiote.o(i.nrf_drv_gpiote_in_event_addr_get), (24 bytes).
    Removing nrf_drv_gpiote.o(i.nrf_drv_gpiote_in_event_disable), (72 bytes).
    Removing nrf_drv_gpiote.o(i.nrf_drv_gpiote_in_uninit), (76 bytes).
    Removing nrf_drv_gpiote.o(i.nrf_drv_gpiote_out_clear), (16 bytes).
    Removing nrf_drv_gpiote.o(i.nrf_drv_gpiote_out_init), (152 bytes).
    Removing nrf_drv_gpiote.o(i.nrf_drv_gpiote_out_set), (16 bytes).
    Removing nrf_drv_gpiote.o(i.nrf_drv_gpiote_out_task_addr_get), (20 bytes).
    Removing nrf_drv_gpiote.o(i.nrf_drv_gpiote_out_task_disable), (32 bytes).
    Removing nrf_drv_gpiote.o(i.nrf_drv_gpiote_out_task_enable), (48 bytes).
    Removing nrf_drv_gpiote.o(i.nrf_drv_gpiote_out_task_force), (48 bytes).
    Removing nrf_drv_gpiote.o(i.nrf_drv_gpiote_out_task_trigger), (24 bytes).
    Removing nrf_drv_gpiote.o(i.nrf_drv_gpiote_out_toggle), (28 bytes).
    Removing nrf_drv_gpiote.o(i.nrf_drv_gpiote_out_uninit), (68 bytes).
    Removing nrf_drv_gpiote.o(i.nrf_drv_gpiote_uninit), (60 bytes).
    Removing nrf_drv_gpiote.o(i.nrf_gpio_cfg_default), (18 bytes).
    Removing nrf_drv_uart.o(.rev16_text), (4 bytes).
    Removing nrf_drv_uart.o(.revsh_text), (4 bytes).
    Removing nrf_drv_uart.o(i.nrf_drv_uart_errorsrc_get), (24 bytes).
    Removing nrf_drv_uart.o(i.nrf_drv_uart_init), (192 bytes).
    Removing nrf_drv_uart.o(i.nrf_drv_uart_rx), (180 bytes).
    Removing nrf_drv_uart.o(i.nrf_drv_uart_rx_abort), (24 bytes).
    Removing nrf_drv_uart.o(i.nrf_drv_uart_rx_disable), (24 bytes).
    Removing nrf_drv_uart.o(i.nrf_drv_uart_rx_enable), (24 bytes).
    Removing nrf_drv_uart.o(i.nrf_drv_uart_tx), (140 bytes).
    Removing nrf_drv_uart.o(i.nrf_drv_uart_tx_abort), (44 bytes).
    Removing nrf_drv_uart.o(i.nrf_drv_uart_uninit), (128 bytes).
    Removing nrf_drv_uart.o(i.nrf_gpio_cfg), (36 bytes).
    Removing nrf_drv_uart.o(i.nrf_gpio_cfg_default), (18 bytes).
    Removing nrf_drv_uart.o(i.nrf_gpio_cfg_input), (18 bytes).
    Removing nrf_drv_uart.o(i.nrf_gpio_cfg_output), (20 bytes).
    Removing nrf_drv_uart.o(i.nrf_uart_hwfc_pins_set), (12 bytes).
    Removing nrf_drv_uart.o(i.nrf_uart_txrx_pins_set), (12 bytes).
    Removing nrf_drv_uart.o(i.rx_enable), (28 bytes).
    Removing nrf_drv_uart.o(.constdata), (32 bytes).
    Removing pstorage.o(.rev16_text), (4 bytes).
    Removing pstorage.o(.revsh_text), (4 bytes).
    Removing pstorage.o(i.app_notify), (44 bytes).
    Removing pstorage.o(i.app_notify_error_state_transit), (32 bytes).
    Removing pstorage.o(i.clear_operation_execute), (260 bytes).
    Removing pstorage.o(i.clear_post_processing_run), (36 bytes).
    Removing pstorage.o(i.cmd_process), (56 bytes).
    Removing pstorage.o(i.cmd_queue_element_init), (32 bytes).
    Removing pstorage.o(i.cmd_queue_enqueue), (76 bytes).
    Removing pstorage.o(i.command_end_procedure_run), (60 bytes).
    Removing pstorage.o(i.data_page_erase_state_run), (84 bytes).
    Removing pstorage.o(i.data_to_swap_write_state_run), (40 bytes).
    Removing pstorage.o(i.flash_api_err_code_process), (32 bytes).
    Removing pstorage.o(i.flash_operation_success_run), (128 bytes).
    Removing pstorage.o(i.flash_page_erase), (10 bytes).
    Removing pstorage.o(i.flash_write), (10 bytes).
    Removing pstorage.o(i.head_restore_state_run), (120 bytes).
    Removing pstorage.o(i.is_page_erase_required), (68 bytes).
    Removing pstorage.o(i.is_word_aligned), (12 bytes).
    Removing pstorage.o(i.main_state_err_busy_process), (24 bytes).
    Removing pstorage.o(i.pstorage_block_identifier_get), (84 bytes).
    Removing pstorage.o(i.pstorage_clear), (164 bytes).
    Removing pstorage.o(i.pstorage_flash_page_end), (36 bytes).
    Removing pstorage.o(i.pstorage_flash_page_size), (10 bytes).
    Removing pstorage.o(i.pstorage_init), (76 bytes).
    Removing pstorage.o(i.pstorage_load), (168 bytes).
    Removing pstorage.o(i.pstorage_register), (188 bytes).
    Removing pstorage.o(i.pstorage_store), (144 bytes).
    Removing pstorage.o(i.pstorage_sys_event_handler), (76 bytes).
    Removing pstorage.o(i.pstorage_update), (144 bytes).
    Removing pstorage.o(i.sm_state_change), (72 bytes).
    Removing pstorage.o(i.state_data_erase_swap_entry_run), (100 bytes).
    Removing pstorage.o(i.state_erase_data_page_entry_run), (16 bytes).
    Removing pstorage.o(i.state_restore_head_entry_run), (40 bytes).
    Removing pstorage.o(i.state_restore_tail_entry_run), (76 bytes).
    Removing pstorage.o(i.state_swap_erase_entry_run), (32 bytes).
    Removing pstorage.o(i.state_write_data_swap_entry_run), (48 bytes).
    Removing pstorage.o(i.store_cmd_flash_write_execute), (92 bytes).
    Removing pstorage.o(i.swap_erase_state_run), (28 bytes).
    Removing pstorage.o(i.swap_sub_state_err_busy_process), (24 bytes).
    Removing pstorage.o(i.swap_sub_state_state_change), (20 bytes).
    Removing pstorage.o(i.tail_restore_state_run), (28 bytes).
    Removing pstorage.o(.constdata), (40 bytes).
    Removing nrf_adc.o(.rev16_text), (4 bytes).
    Removing nrf_adc.o(.revsh_text), (4 bytes).
    Removing nrf_adc.o(i.nrf_adc_configure), (64 bytes).
    Removing nrf_adc.o(i.nrf_adc_convert_single), (44 bytes).
    Removing nrf_adc.o(i.nrf_adc_input_select), (32 bytes).
    Removing app_button.o(.rev16_text), (4 bytes).
    Removing app_button.o(.revsh_text), (4 bytes).
    Removing app_button.o(i.app_button_disable), (44 bytes).
    Removing app_button.o(i.app_button_is_pushed), (44 bytes).
    Removing app_error.o(.rev16_text), (4 bytes).
    Removing app_error.o(.revsh_text), (4 bytes).
    Removing app_fifo.o(i.app_fifo_flush), (8 bytes).
    Removing app_fifo.o(i.app_fifo_get), (22 bytes).
    Removing app_fifo.o(i.app_fifo_init), (36 bytes).
    Removing app_fifo.o(i.app_fifo_put), (26 bytes).
    Removing app_fifo.o(i.app_fifo_read), (70 bytes).
    Removing app_fifo.o(i.app_fifo_write), (76 bytes).
    Removing app_fifo.o(i.fifo_get), (20 bytes).
    Removing app_fifo.o(i.fifo_put), (18 bytes).
    Removing app_timer.o(.rev16_text), (4 bytes).
    Removing app_timer.o(.revsh_text), (4 bytes).
    Removing app_timer.o(i.app_timer_cnt_diff_compute), (12 bytes).
    Removing app_timer.o(i.app_timer_cnt_get), (16 bytes).
    Removing app_timer.o(i.app_timer_stop_all), (68 bytes).
    Removing retarget.o(.rev16_text), (4 bytes).
    Removing retarget.o(.revsh_text), (4 bytes).
    Removing retarget.o(i.fgetc), (18 bytes).
    Removing retarget.o(i.fputc), (14 bytes).
    Removing retarget.o(.data), (4 bytes).
    Removing retarget.o(.data), (4 bytes).
    Removing softdevice_handler.o(.rev16_text), (4 bytes).
    Removing softdevice_handler.o(.revsh_text), (4 bytes).
    Removing softdevice_handler.o(i.softdevice_handler_isEnabled), (12 bytes).
    Removing softdevice_handler.o(i.softdevice_handler_sd_disable), (24 bytes).
    Removing softdevice_handler.o(i.softdevice_sys_evt_handler_set), (20 bytes).

176 unused section(s) (total 9231 bytes) removed from the image.

==============================================================================

Image Symbol Table

    Local Symbols

    Symbol Name                              Value     Ov Type        Size  Object(Section)

    ../clib/microlib/division.c              0x00000000   Number         0  idiv.o ABSOLUTE
    ../clib/microlib/division.c              0x00000000   Number         0  uidiv.o ABSOLUTE
    ../clib/microlib/init/entry.s            0x00000000   Number         0  entry7a.o ABSOLUTE
    ../clib/microlib/init/entry.s            0x00000000   Number         0  entry2.o ABSOLUTE
    ../clib/microlib/init/entry.s            0x00000000   Number         0  entry5.o ABSOLUTE
    ../clib/microlib/init/entry.s            0x00000000   Number         0  entry7b.o ABSOLUTE
    ../clib/microlib/init/entry.s            0x00000000   Number         0  entry8.o ABSOLUTE
    ../clib/microlib/init/entry.s            0x00000000   Number         0  entry.o ABSOLUTE
    ../clib/microlib/string/memcpy.c         0x00000000   Number         0  memcpyb.o ABSOLUTE
    ../clib/microlib/string/memcpy.c         0x00000000   Number         0  memcpya.o ABSOLUTE
    ../clib/microlib/string/memset.c         0x00000000   Number         0  memseta.o ABSOLUTE
    ../clib/microlib/string/strlen.c         0x00000000   Number         0  strlen.o ABSOLUTE
    ..\..\..\..\..\..\components\ble\ble_advertising\ble_advertising.c 0x00000000   Number         0  ble_advertising.o ABSOLUTE
    ..\..\..\..\..\..\components\ble\ble_services\ble_nus\ble_nus.c 0x00000000   Number         0  ble_nus.o ABSOLUTE
    ..\..\..\..\..\..\components\ble\common\ble_advdata.c 0x00000000   Number         0  ble_advdata.o ABSOLUTE
    ..\..\..\..\..\..\components\ble\common\ble_conn_params.c 0x00000000   Number         0  ble_conn_params.o ABSOLUTE
    ..\..\..\..\..\..\components\ble\common\ble_srv_common.c 0x00000000   Number         0  ble_srv_common.o ABSOLUTE
    ..\..\..\..\..\..\components\drivers_nrf\common\nrf_drv_common.c 0x00000000   Number         0  nrf_drv_common.o ABSOLUTE
    ..\..\..\..\..\..\components\drivers_nrf\delay\nrf_delay.c 0x00000000   Number         0  nrf_delay.o ABSOLUTE
    ..\..\..\..\..\..\components\drivers_nrf\gpiote\nrf_drv_gpiote.c 0x00000000   Number         0  nrf_drv_gpiote.o ABSOLUTE
    ..\..\..\..\..\..\components\drivers_nrf\hal\nrf_adc.c 0x00000000   Number         0  nrf_adc.o ABSOLUTE
    ..\..\..\..\..\..\components\drivers_nrf\pstorage\pstorage.c 0x00000000   Number         0  pstorage.o ABSOLUTE
    ..\..\..\..\..\..\components\drivers_nrf\uart\nrf_drv_uart.c 0x00000000   Number         0  nrf_drv_uart.o ABSOLUTE
    ..\..\..\..\..\..\components\libraries\button\app_button.c 0x00000000   Number         0  app_button.o ABSOLUTE
    ..\..\..\..\..\..\components\libraries\fifo\app_fifo.c 0x00000000   Number         0  app_fifo.o ABSOLUTE
    ..\..\..\..\..\..\components\libraries\timer\app_timer.c 0x00000000   Number         0  app_timer.o ABSOLUTE
    ..\..\..\..\..\..\components\libraries\trace\app_trace.c 0x00000000   Number         0  app_trace.o ABSOLUTE
    ..\..\..\..\..\..\components\libraries\uart\app_uart_fifo.c 0x00000000   Number         0  app_uart_fifo.o ABSOLUTE
    ..\..\..\..\..\..\components\libraries\uart\retarget.c 0x00000000   Number         0  retarget.o ABSOLUTE
    ..\..\..\..\..\..\components\libraries\util\app_error.c 0x00000000   Number         0  app_error.o ABSOLUTE
    ..\..\..\..\..\..\components\libraries\util\nrf_assert.c 0x00000000   Number         0  nrf_assert.o ABSOLUTE
    ..\..\..\..\..\..\components\softdevice\common\softdevice_handler\softdevice_handler.c 0x00000000   Number         0  softdevice_handler.o ABSOLUTE
    ..\..\..\..\..\..\components\toolchain\arm\arm_startup_nrf51.s 0x00000000   Number         0  arm_startup_nrf51.o ABSOLUTE
    ..\..\..\..\..\..\components\toolchain\system_nrf51.c 0x00000000   Number         0  system_nrf51.o ABSOLUTE
    ..\..\..\..\..\bsp\bsp.c                 0x00000000   Number         0  bsp.o ABSOLUTE
    ..\..\..\..\..\bsp\bsp_btn_ble.c         0x00000000   Number         0  bsp_btn_ble.o ABSOLUTE
    ..\..\..\main.c                          0x00000000   Number         0  main.o ABSOLUTE
    ..\\..\\..\\..\\..\\..\\components\\ble\\ble_advertising\\ble_advertising.c 0x00000000   Number         0  ble_advertising.o ABSOLUTE
    ..\\..\\..\\..\\..\\..\\components\\drivers_nrf\\common\\nrf_drv_common.c 0x00000000   Number         0  nrf_drv_common.o ABSOLUTE
    ..\\..\\..\\..\\..\\..\\components\\drivers_nrf\\delay\\nrf_delay.c 0x00000000   Number         0  nrf_delay.o ABSOLUTE
    ..\\..\\..\\..\\..\\..\\components\\drivers_nrf\\gpiote\\nrf_drv_gpiote.c 0x00000000   Number         0  nrf_drv_gpiote.o ABSOLUTE
    ..\\..\\..\\..\\..\\..\\components\\drivers_nrf\\hal\\nrf_adc.c 0x00000000   Number         0  nrf_adc.o ABSOLUTE
    ..\\..\\..\\..\\..\\..\\components\\drivers_nrf\\pstorage\\pstorage.c 0x00000000   Number         0  pstorage.o ABSOLUTE
    ..\\..\\..\\..\\..\\..\\components\\drivers_nrf\\uart\\nrf_drv_uart.c 0x00000000   Number         0  nrf_drv_uart.o ABSOLUTE
    ..\\..\\..\\..\\..\\..\\components\\libraries\\button\\app_button.c 0x00000000   Number         0  app_button.o ABSOLUTE
    ..\\..\\..\\..\\..\\..\\components\\libraries\\timer\\app_timer.c 0x00000000   Number         0  app_timer.o ABSOLUTE
    ..\\..\\..\\..\\..\\..\\components\\libraries\\uart\\app_uart_fifo.c 0x00000000   Number         0  app_uart_fifo.o ABSOLUTE
    ..\\..\\..\\..\\..\\..\\components\\libraries\\uart\\retarget.c 0x00000000   Number         0  retarget.o ABSOLUTE
    ..\\..\\..\\..\\..\\..\\components\\libraries\\util\\app_error.c 0x00000000   Number         0  app_error.o ABSOLUTE
    ..\\..\\..\\..\\..\\..\\components\\softdevice\\common\\softdevice_handler\\softdevice_handler.c 0x00000000   Number         0  softdevice_handler.o ABSOLUTE
    ..\\..\\..\\..\\..\\..\\components\\toolchain\\system_nrf51.c 0x00000000   Number         0  system_nrf51.o ABSOLUTE
    ..\\..\\..\\..\\..\\bsp\\bsp.c           0x00000000   Number         0  bsp.o ABSOLUTE
    ..\\..\\..\\..\\..\\bsp\\bsp_btn_ble.c   0x00000000   Number         0  bsp_btn_ble.o ABSOLUTE
    ..\\..\\..\\main.c                       0x00000000   Number         0  main.o ABSOLUTE
    dc.s                                     0x00000000   Number         0  dc.o ABSOLUTE
    handlers.s                               0x00000000   Number         0  handlers.o ABSOLUTE
    init.s                                   0x00000000   Number         0  init.o ABSOLUTE
    RESET                                    0x00018000   Section      192  arm_startup_nrf51.o(RESET)
    .ARM.Collect$$$$00000000                 0x000180c0   Section        0  entry.o(.ARM.Collect$$$$00000000)
    .ARM.Collect$$$$00000001                 0x000180c0   Section        4  entry2.o(.ARM.Collect$$$$00000001)
    .ARM.Collect$$$$00000004                 0x000180c4   Section        4  entry5.o(.ARM.Collect$$$$00000004)
    .ARM.Collect$$$$00000008                 0x000180c8   Section        0  entry7b.o(.ARM.Collect$$$$00000008)
    .ARM.Collect$$$$00000009                 0x000180c8   Section        8  entry8.o(.ARM.Collect$$$$00000009)
    .ARM.Collect$$$$00002712                 0x000180d0   Section        4  entry2.o(.ARM.Collect$$$$00002712)
    __lit__00000000                          0x000180d0   Data           4  entry2.o(.ARM.Collect$$$$00002712)
    .emb_text                                0x000180d4   Section       30  nrf_delay.o(.emb_text)
    .emb_text                                0x000180f4   Section       30  app_timer.o(.emb_text)
    .text                                    0x00018114   Section       56  arm_startup_nrf51.o(.text)
    .text                                    0x0001814c   Section        0  uidiv.o(.text)
    .text                                    0x00018178   Section        0  memcpya.o(.text)
    .text                                    0x0001819c   Section        0  memseta.o(.text)
    .text                                    0x000181c0   Section       36  init.o(.text)
    i.GPIOTE_IRQHandler                      0x000181e4   Section        0  nrf_drv_gpiote.o(i.GPIOTE_IRQHandler)
    i.NVIC_SetPriority                       0x000182ec   Section        0  app_timer.o(i.NVIC_SetPriority)
    NVIC_SetPriority                         0x000182ed   Thumb Code    60  app_timer.o(i.NVIC_SetPriority)
    i.RTC1_IRQHandler                        0x00018330   Section        0  app_timer.o(i.RTC1_IRQHandler)
    i.SWI0_IRQHandler                        0x00018350   Section        0  app_timer.o(i.SWI0_IRQHandler)
    i.SWI2_IRQHandler                        0x00018358   Section        0  softdevice_handler.o(i.SWI2_IRQHandler)
    i.SystemInit                             0x0001837c   Section        0  system_nrf51.o(i.SystemInit)
    i.UART0_IRQHandler                       0x000183d0   Section        0  nrf_drv_uart.o(i.UART0_IRQHandler)
    i.__ARM_common_switch8                   0x000184d0   Section        0  main.o(i.__ARM_common_switch8)
    i.__scatterload_copy                     0x000184ea   Section       14  handlers.o(i.__scatterload_copy)
    i.__scatterload_null                     0x000184f8   Section        2  handlers.o(i.__scatterload_null)
    i.__scatterload_zeroinit                 0x000184fa   Section       14  handlers.o(i.__scatterload_zeroinit)
    i.adv_data_encode                        0x00018508   Section        0  ble_advdata.o(i.adv_data_encode)
    i.advertising_buttons_configure          0x0001871e   Section        0  bsp_btn_ble.o(i.advertising_buttons_configure)
    advertising_buttons_configure            0x0001871f   Thumb Code    60  bsp_btn_ble.o(i.advertising_buttons_configure)
    i.advertising_init                       0x0001875c   Section        0  main.o(i.advertising_init)
    advertising_init                         0x0001875d   Thumb Code    94  main.o(i.advertising_init)
    i.alert_timer_handler                    0x000187c4   Section        0  bsp.o(i.alert_timer_handler)
    alert_timer_handler                      0x000187c5   Thumb Code    20  bsp.o(i.alert_timer_handler)
    i.all_clear                              0x000187dc   Section        0  main.o(i.all_clear)
    i.app_button_enable                      0x00018824   Section        0  app_button.o(i.app_button_enable)
    i.app_button_init                        0x00018848   Section        0  app_button.o(i.app_button_init)
    i.app_error_handler                      0x000188bc   Section        0  app_error.o(i.app_error_handler)
    i.app_timer_create                       0x000188d4   Section        0  app_timer.o(i.app_timer_create)
    i.app_timer_init                         0x00018900   Section        0  app_timer.o(i.app_timer_init)
    i.app_timer_start                        0x00018990   Section        0  app_timer.o(i.app_timer_start)
    i.app_timer_stop                         0x00018a0c   Section        0  app_timer.o(i.app_timer_stop)
    i.battery_level_get                      0x00018a60   Section        0  main.o(i.battery_level_get)
    i.ble_advdata_set                        0x00018ab0   Section        0  ble_advdata.o(i.ble_advdata_set)
    i.ble_advertising_init                   0x00018b18   Section        0  ble_advertising.o(i.ble_advertising_init)
    i.ble_advertising_on_ble_evt             0x00018c30   Section        0  ble_advertising.o(i.ble_advertising_on_ble_evt)
    i.ble_advertising_peer_address_clear     0x00018ca4   Section        0  ble_advertising.o(i.ble_advertising_peer_address_clear)
    ble_advertising_peer_address_clear       0x00018ca5   Thumb Code    12  ble_advertising.o(i.ble_advertising_peer_address_clear)
    i.ble_advertising_restart_without_whitelist 0x00018cb4   Section        0  ble_advertising.o(i.ble_advertising_restart_without_whitelist)
    i.ble_advertising_start                  0x00018cf4   Section        0  ble_advertising.o(i.ble_advertising_start)
    i.ble_conn_params_init                   0x00018ed4   Section        0  ble_conn_params.o(i.ble_conn_params_init)
    i.ble_conn_params_on_ble_evt             0x00018f28   Section        0  ble_conn_params.o(i.ble_conn_params_on_ble_evt)
    i.ble_device_addr_encode                 0x00018fb8   Section        0  ble_advdata.o(i.ble_device_addr_encode)
    ble_device_addr_encode                   0x00018fb9   Thumb Code    94  ble_advdata.o(i.ble_device_addr_encode)
    i.ble_evt_dispatch                       0x00019018   Section        0  main.o(i.ble_evt_dispatch)
    ble_evt_dispatch                         0x00019019   Thumb Code    36  main.o(i.ble_evt_dispatch)
    i.ble_nus_init                           0x00019040   Section        0  ble_nus.o(i.ble_nus_init)
    i.ble_nus_on_ble_evt                     0x000190a8   Section        0  ble_nus.o(i.ble_nus_on_ble_evt)
    i.ble_nus_string_send                    0x00019100   Section        0  ble_nus.o(i.ble_nus_string_send)
    i.bsp_btn_ble_init                       0x00019154   Section        0  bsp_btn_ble.o(i.bsp_btn_ble_init)
    i.bsp_btn_ble_on_ble_evt                 0x000191a8   Section        0  bsp_btn_ble.o(i.bsp_btn_ble_on_ble_evt)
    i.bsp_btn_ble_sleep_mode_prepare         0x00019220   Section        0  bsp_btn_ble.o(i.bsp_btn_ble_sleep_mode_prepare)
    i.bsp_button_event_handler               0x00019234   Section        0  bsp.o(i.bsp_button_event_handler)
    bsp_button_event_handler                 0x00019235   Thumb Code   148  bsp.o(i.bsp_button_event_handler)
    i.bsp_button_is_pressed                  0x000192d4   Section        0  bsp.o(i.bsp_button_is_pressed)
    i.bsp_event_handler                      0x00019300   Section        0  main.o(i.bsp_event_handler)
    i.bsp_event_to_button_action_assign      0x00019344   Section        0  bsp.o(i.bsp_event_to_button_action_assign)
    i.bsp_indication_set                     0x00019384   Section        0  bsp.o(i.bsp_indication_set)
    i.bsp_init                               0x000193a0   Section        0  bsp.o(i.bsp_init)
    i.bsp_led_indication                     0x00019440   Section        0  bsp.o(i.bsp_led_indication)
    bsp_led_indication                       0x00019441   Thumb Code   530  bsp.o(i.bsp_led_indication)
    i.bsp_wakeup_buttons_set                 0x00019664   Section        0  bsp.o(i.bsp_wakeup_buttons_set)
    i.button_timer_handler                   0x000196a0   Section        0  bsp.o(i.button_timer_handler)
    button_timer_handler                     0x000196a1   Thumb Code    12  bsp.o(i.button_timer_handler)
    i.channel_free                           0x000196ac   Section        0  nrf_drv_gpiote.o(i.channel_free)
    channel_free                             0x000196ad   Thumb Code    22  nrf_drv_gpiote.o(i.channel_free)
    i.channel_port_alloc                     0x000196c8   Section        0  nrf_drv_gpiote.o(i.channel_port_alloc)
    channel_port_alloc                       0x000196c9   Thumb Code    66  nrf_drv_gpiote.o(i.channel_port_alloc)
    i.channel_port_get                       0x00019710   Section        0  nrf_drv_gpiote.o(i.channel_port_get)
    channel_port_get                         0x00019711   Thumb Code    10  nrf_drv_gpiote.o(i.channel_port_get)
    i.check_battery_status                   0x00019720   Section        0  main.o(i.check_battery_status)
    i.col1_on                                0x000197a8   Section        0  main.o(i.col1_on)
    i.col2_on                                0x000197ca   Section        0  main.o(i.col2_on)
    i.col3_on                                0x000197ec   Section        0  main.o(i.col3_on)
    i.col4_on                                0x0001980e   Section        0  main.o(i.col4_on)
    i.col5_on                                0x00019830   Section        0  main.o(i.col5_on)
    i.compare_reg_update                     0x00019854   Section        0  app_timer.o(i.compare_reg_update)
    compare_reg_update                       0x00019855   Thumb Code   142  app_timer.o(i.compare_reg_update)
    i.conn_int_encode                        0x000198fc   Section        0  ble_advdata.o(i.conn_int_encode)
    conn_int_encode                          0x000198fd   Thumb Code   130  ble_advdata.o(i.conn_int_encode)
    i.conn_params_error_handler              0x00019984   Section        0  main.o(i.conn_params_error_handler)
    conn_params_error_handler                0x00019985   Thumb Code    12  main.o(i.conn_params_error_handler)
    i.conn_params_negotiation                0x00019990   Section        0  ble_conn_params.o(i.conn_params_negotiation)
    conn_params_negotiation                  0x00019991   Thumb Code    92  ble_conn_params.o(i.conn_params_negotiation)
    i.detection_delay_timeout_handler        0x000199f8   Section        0  app_button.o(i.detection_delay_timeout_handler)
    detection_delay_timeout_handler          0x000199f9   Thumb Code    94  app_button.o(i.detection_delay_timeout_handler)
    i.elapsed_ticks_acquire                  0x00019a5c   Section        0  app_timer.o(i.elapsed_ticks_acquire)
    elapsed_ticks_acquire                    0x00019a5d   Thumb Code    58  app_timer.o(i.elapsed_ticks_acquire)
    i.gpio_output                            0x00019a9c   Section        0  main.o(i.gpio_output)
    i.gpiote_event_handler                   0x00019ae4   Section        0  app_button.o(i.gpiote_event_handler)
    gpiote_event_handler                     0x00019ae5   Thumb Code    74  app_button.o(i.gpiote_event_handler)
    i.intern_softdevice_events_execute       0x00019b38   Section        0  softdevice_handler.o(i.intern_softdevice_events_execute)
    i.is_conn_params_ok                      0x00019bb8   Section        0  ble_conn_params.o(i.is_conn_params_ok)
    is_conn_params_ok                        0x00019bb9   Thumb Code    24  ble_conn_params.o(i.is_conn_params_ok)
    i.is_manual_peripheral_setup_needed      0x00019bd4   Section        0  system_nrf51.o(i.is_manual_peripheral_setup_needed)
    is_manual_peripheral_setup_needed        0x00019bd5   Thumb Code    66  system_nrf51.o(i.is_manual_peripheral_setup_needed)
    i.le_role_encode                         0x00019c1c   Section        0  ble_advdata.o(i.le_role_encode)
    le_role_encode                           0x00019c1d   Thumb Code    84  ble_advdata.o(i.le_role_encode)
    i.leds_off                               0x00019c70   Section        0  main.o(i.leds_off)
    i.leds_timer_handler                     0x00019cb8   Section        0  bsp.o(i.leds_timer_handler)
    leds_timer_handler                       0x00019cb9   Thumb Code    18  bsp.o(i.leds_timer_handler)
    i.list_deletions_handler                 0x00019cd0   Section        0  app_timer.o(i.list_deletions_handler)
    list_deletions_handler                   0x00019cd1   Thumb Code   180  app_timer.o(i.list_deletions_handler)
    i.list_insertions_handler                0x00019d8c   Section        0  app_timer.o(i.list_insertions_handler)
    list_insertions_handler                  0x00019d8d   Thumb Code   202  app_timer.o(i.list_insertions_handler)
    i.main                                   0x00019e60   Section        0  main.o(i.main)
    i.manuf_specific_data_encode             0x0001a1b0   Section        0  ble_advdata.o(i.manuf_specific_data_encode)
    manuf_specific_data_encode               0x0001a1b1   Thumb Code   104  ble_advdata.o(i.manuf_specific_data_encode)
    i.match                                  0x0001a218   Section        0  main.o(i.match)
    i.name_encode                            0x0001a2d8   Section        0  ble_advdata.o(i.name_encode)
    name_encode                              0x0001a2d9   Thumb Code   158  ble_advdata.o(i.name_encode)
    i.nrf_delay_ms                           0x0001a378   Section        0  nrf_delay.o(i.nrf_delay_ms)
    i.nrf_drv_common_irq_enable              0x0001a394   Section        0  nrf_drv_common.o(i.nrf_drv_common_irq_enable)
    i.nrf_drv_gpiote_in_event_enable         0x0001a3f4   Section        0  nrf_drv_gpiote.o(i.nrf_drv_gpiote_in_event_enable)
    i.nrf_drv_gpiote_in_init                 0x0001a494   Section        0  nrf_drv_gpiote.o(i.nrf_drv_gpiote_in_init)
    i.nrf_drv_gpiote_in_is_set               0x0001a530   Section        0  nrf_drv_gpiote.o(i.nrf_drv_gpiote_in_is_set)
    i.nrf_drv_gpiote_init                    0x0001a544   Section        0  nrf_drv_gpiote.o(i.nrf_drv_gpiote_init)
    i.nrf_drv_gpiote_is_init                 0x0001a598   Section        0  nrf_drv_gpiote.o(i.nrf_drv_gpiote_is_init)
    i.nrf_gpio_cfg                           0x0001a5a8   Section        0  nrf_drv_gpiote.o(i.nrf_gpio_cfg)
    nrf_gpio_cfg                             0x0001a5a9   Thumb Code    32  nrf_drv_gpiote.o(i.nrf_gpio_cfg)
    i.nrf_gpio_cfg_output                    0x0001a5cc   Section        0  main.o(i.nrf_gpio_cfg_output)
    nrf_gpio_cfg_output                      0x0001a5cd   Thumb Code    12  main.o(i.nrf_gpio_cfg_output)
    i.nrf_gpio_cfg_sense_set                 0x0001a5dc   Section        0  nrf_drv_gpiote.o(i.nrf_gpio_cfg_sense_set)
    nrf_gpio_cfg_sense_set                   0x0001a5dd   Thumb Code    26  nrf_drv_gpiote.o(i.nrf_gpio_cfg_sense_set)
    i.nrf_gpio_pin_clear                     0x0001a5fc   Section        0  main.o(i.nrf_gpio_pin_clear)
    nrf_gpio_pin_clear                       0x0001a5fd   Thumb Code    10  main.o(i.nrf_gpio_pin_clear)
    i.nrf_gpio_pin_set                       0x0001a60c   Section        0  main.o(i.nrf_gpio_pin_set)
    nrf_gpio_pin_set                         0x0001a60d   Thumb Code    10  main.o(i.nrf_gpio_pin_set)
    i.nrf_gpiote_event_is_set                0x0001a61c   Section        0  nrf_drv_gpiote.o(i.nrf_gpiote_event_is_set)
    nrf_gpiote_event_is_set                  0x0001a61d   Thumb Code    14  nrf_drv_gpiote.o(i.nrf_gpiote_event_is_set)
    i.nrf_uart_errorsrc_get_and_clear        0x0001a630   Section        0  nrf_drv_uart.o(i.nrf_uart_errorsrc_get_and_clear)
    nrf_uart_errorsrc_get_and_clear          0x0001a631   Thumb Code    12  nrf_drv_uart.o(i.nrf_uart_errorsrc_get_and_clear)
    i.nrf_uart_event_check                   0x0001a63c   Section        0  nrf_drv_uart.o(i.nrf_uart_event_check)
    nrf_uart_event_check                     0x0001a63d   Thumb Code    10  nrf_drv_uart.o(i.nrf_uart_event_check)
    i.nrf_uart_int_enable_check              0x0001a646   Section        0  nrf_drv_uart.o(i.nrf_uart_int_enable_check)
    nrf_uart_int_enable_check                0x0001a647   Thumb Code    16  nrf_drv_uart.o(i.nrf_uart_int_enable_check)
    i.nus_data_handler                       0x0001a658   Section        0  main.o(i.nus_data_handler)
    nus_data_handler                         0x0001a659   Thumb Code   338  main.o(i.nus_data_handler)
    i.off                                    0x0001a7b0   Section        0  main.o(i.off)
    i.on_adv_evt                             0x0001a7d2   Section        0  main.o(i.on_adv_evt)
    on_adv_evt                               0x0001a7d3   Thumb Code    40  main.o(i.on_adv_evt)
    i.on_ble_evt                             0x0001a7fc   Section        0  main.o(i.on_ble_evt)
    on_ble_evt                               0x0001a7fd   Thumb Code   138  main.o(i.on_ble_evt)
    i.on_conn_params_evt                     0x0001a88c   Section        0  main.o(i.on_conn_params_evt)
    on_conn_params_evt                       0x0001a88d   Thumb Code    30  main.o(i.on_conn_params_evt)
    i.peer_address_exists                    0x0001a8b0   Section        0  ble_advertising.o(i.peer_address_exists)
    peer_address_exists                      0x0001a8b1   Thumb Code    22  ble_advertising.o(i.peer_address_exists)
    i.pin_in_use_by_gpiote                   0x0001a8c8   Section        0  nrf_drv_gpiote.o(i.pin_in_use_by_gpiote)
    pin_in_use_by_gpiote                     0x0001a8c9   Thumb Code    14  nrf_drv_gpiote.o(i.pin_in_use_by_gpiote)
    i.pin_in_use_by_port                     0x0001a8dc   Section        0  nrf_drv_gpiote.o(i.pin_in_use_by_port)
    pin_in_use_by_port                       0x0001a8dd   Thumb Code    20  nrf_drv_gpiote.o(i.pin_in_use_by_port)
    i.pin_in_use_by_te                       0x0001a8f4   Section        0  nrf_drv_gpiote.o(i.pin_in_use_by_te)
    pin_in_use_by_te                         0x0001a8f5   Thumb Code    20  nrf_drv_gpiote.o(i.pin_in_use_by_te)
    i.pstorage_access_status_get             0x0001a90c   Section        0  pstorage.o(i.pstorage_access_status_get)
    i.rtc1_stop                              0x0001a934   Section        0  app_timer.o(i.rtc1_stop)
    rtc1_stop                                0x0001a935   Thumb Code    50  app_timer.o(i.rtc1_stop)
    i.rx_byte                                0x0001a978   Section        0  nrf_drv_uart.o(i.rx_byte)
    rx_byte                                  0x0001a979   Thumb Code    30  nrf_drv_uart.o(i.rx_byte)
    i.rx_char_add                            0x0001a9a4   Section        0  ble_nus.o(i.rx_char_add)
    rx_char_add                              0x0001a9a5   Thumb Code   154  ble_nus.o(i.rx_char_add)
    i.rx_done_event                          0x0001aa40   Section        0  nrf_drv_uart.o(i.rx_done_event)
    rx_done_event                            0x0001aa41   Thumb Code    28  nrf_drv_uart.o(i.rx_done_event)
    i.service_data_encode                    0x0001aa60   Section        0  ble_advdata.o(i.service_data_encode)
    service_data_encode                      0x0001aa61   Thumb Code   142  ble_advdata.o(i.service_data_encode)
    i.set_row1                               0x0001aaf0   Section        0  main.o(i.set_row1)
    i.set_row2                               0x0001ab74   Section        0  main.o(i.set_row2)
    i.set_row3                               0x0001abf8   Section        0  main.o(i.set_row3)
    i.set_row4                               0x0001ac7c   Section        0  main.o(i.set_row4)
    i.set_row5                               0x0001ad00   Section        0  main.o(i.set_row5)
    i.sleep_mode_enter                       0x0001ad88   Section        0  main.o(i.sleep_mode_enter)
    sleep_mode_enter                         0x0001ad89   Thumb Code    52  main.o(i.sleep_mode_enter)
    i.softdevice_assertion_handler           0x0001adbc   Section        0  softdevice_handler.o(i.softdevice_assertion_handler)
    i.softdevice_ble_evt_handler_set         0x0001adc8   Section        0  softdevice_handler.o(i.softdevice_ble_evt_handler_set)
    i.softdevice_handler_init                0x0001addc   Section        0  softdevice_handler.o(i.softdevice_handler_init)
    i.timer_list_handler                     0x0001ae0c   Section        0  app_timer.o(i.timer_list_handler)
    timer_list_handler                       0x0001ae0d   Thumb Code   122  app_timer.o(i.timer_list_handler)
    i.timer_list_handler_sched               0x0001ae8c   Section        0  app_timer.o(i.timer_list_handler_sched)
    timer_list_handler_sched                 0x0001ae8d   Thumb Code    10  app_timer.o(i.timer_list_handler_sched)
    i.timer_list_insert                      0x0001ae9c   Section        0  app_timer.o(i.timer_list_insert)
    timer_list_insert                        0x0001ae9d   Thumb Code    60  app_timer.o(i.timer_list_insert)
    i.timer_timeouts_check                   0x0001aedc   Section        0  app_timer.o(i.timer_timeouts_check)
    timer_timeouts_check                     0x0001aedd   Thumb Code   122  app_timer.o(i.timer_timeouts_check)
    i.tx_byte                                0x0001af60   Section        0  nrf_drv_uart.o(i.tx_byte)
    tx_byte                                  0x0001af61   Thumb Code    30  nrf_drv_uart.o(i.tx_byte)
    i.tx_char_add                            0x0001af8c   Section        0  ble_nus.o(i.tx_char_add)
    tx_char_add                              0x0001af8d   Thumb Code   124  ble_nus.o(i.tx_char_add)
    i.tx_done_event                          0x0001b008   Section        0  nrf_drv_uart.o(i.tx_done_event)
    tx_done_event                            0x0001b009   Thumb Code    26  nrf_drv_uart.o(i.tx_done_event)
    i.uint16_encode                          0x0001b028   Section        0  ble_advdata.o(i.uint16_encode)
    uint16_encode                            0x0001b029   Thumb Code    10  ble_advdata.o(i.uint16_encode)
    i.update_timeout_handler                 0x0001b034   Section        0  ble_conn_params.o(i.update_timeout_handler)
    update_timeout_handler                   0x0001b035   Thumb Code    86  ble_conn_params.o(i.update_timeout_handler)
    i.user_id_get                            0x0001b098   Section        0  app_timer.o(i.user_id_get)
    user_id_get                              0x0001b099   Thumb Code    74  app_timer.o(i.user_id_get)
    i.user_op_alloc                          0x0001b0ec   Section        0  app_timer.o(i.user_op_alloc)
    user_op_alloc                            0x0001b0ed   Thumb Code    38  app_timer.o(i.user_op_alloc)
    i.uuid_list_encode                       0x0001b112   Section        0  ble_advdata.o(i.uuid_list_encode)
    uuid_list_encode                         0x0001b113   Thumb Code    48  ble_advdata.o(i.uuid_list_encode)
    i.uuid_list_sized_encode                 0x0001b142   Section        0  ble_advdata.o(i.uuid_list_sized_encode)
    uuid_list_sized_encode                   0x0001b143   Thumb Code   174  ble_advdata.o(i.uuid_list_sized_encode)
    i.whitelist_has_entries                  0x0001b1f0   Section        0  ble_advertising.o(i.whitelist_has_entries)
    whitelist_has_entries                    0x0001b1f1   Thumb Code    16  ble_advertising.o(i.whitelist_has_entries)
    .constdata                               0x0001b200   Section       60  bsp.o(.constdata)
    m_leds_timer_id                          0x0001b200   Data           4  bsp.o(.constdata)
    m_alert_timer_id                         0x0001b204   Data           4  bsp.o(.constdata)
    m_button_timer_id                        0x0001b208   Data           4  bsp.o(.constdata)
    m_buttons_list                           0x0001b20c   Data          16  bsp.o(.constdata)
    app_buttons                              0x0001b21c   Data          32  bsp.o(.constdata)
    .constdata                               0x0001b23c   Section        4  ble_conn_params.o(.constdata)
    m_conn_params_timer_id                   0x0001b23c   Data           4  ble_conn_params.o(.constdata)
    .constdata                               0x0001b240   Section       16  ble_nus.o(.constdata)
    .constdata                               0x0001b250   Section        8  app_button.o(.constdata)
    m_detection_delay_timer_id               0x0001b250   Data           4  app_button.o(.constdata)
    .data                                    0x20002000   Section       44  main.o(.data)
    index                                    0x20002003   Data           1  main.o(.data)
    m_conn_handle                            0x20002022   Data           2  main.o(.data)
    m_adv_uuids                              0x20002024   Data           4  main.o(.data)
    .data                                    0x2000202c   Section       24  bsp.o(.data)
    m_stable_state                           0x2000202c   Data           1  bsp.o(.data)
    current_long_push_pin_no                 0x2000202d   Data           1  bsp.o(.data)
    m_app_ticks_per_100ms                    0x20002030   Data           4  bsp.o(.data)
    m_indication_type                        0x20002034   Data           4  bsp.o(.data)
    m_alert_mask                             0x20002038   Data           4  bsp.o(.data)
    m_registered_callback                    0x2000203c   Data           4  bsp.o(.data)
    release_event_at_push                    0x20002040   Data           4  bsp.o(.data)
    .data                                    0x20002044   Section        8  bsp_btn_ble.o(.data)
    m_error_handler                          0x20002044   Data           4  bsp_btn_ble.o(.data)
    m_num_connections                        0x20002048   Data           4  bsp_btn_ble.o(.data)
    .data                                    0x2000204c   Section        4  system_nrf51.o(.data)
    __tagsym$$used                           0x2000204c   Number         0  system_nrf51.o(.data)
    .data                                    0x20002050   Section       31  ble_advertising.o(.data)
    m_advertising_start_pending              0x20002050   Data           1  ble_advertising.o(.data)
    m_whitelist_temporarily_disabled         0x20002051   Data           1  ble_advertising.o(.data)
    m_whitelist_reply_expected               0x20002052   Data           1  ble_advertising.o(.data)
    m_peer_addr_reply_expected               0x20002053   Data           1  ble_advertising.o(.data)
    m_adv_evt                                0x20002054   Data           1  ble_advertising.o(.data)
    m_adv_mode_current                       0x20002055   Data           1  ble_advertising.o(.data)
    m_tx_power_level                         0x20002056   Data           1  ble_advertising.o(.data)
    current_slave_link_conn_handle           0x20002058   Data           2  ble_advertising.o(.data)
    m_evt_handler                            0x2000205c   Data           4  ble_advertising.o(.data)
    m_error_handler                          0x20002060   Data           4  ble_advertising.o(.data)
    m_slave_conn_int                         0x20002064   Data           4  ble_advertising.o(.data)
    m_peer_address                           0x20002068   Data           7  ble_advertising.o(.data)
    .data                                    0x20002070   Section       20  ble_conn_params.o(.data)
    m_change_param                           0x20002070   Data           1  ble_conn_params.o(.data)
    m_update_count                           0x20002071   Data           1  ble_conn_params.o(.data)
    m_conn_handle                            0x20002072   Data           2  ble_conn_params.o(.data)
    m_preferred_conn_params                  0x20002074   Data           8  ble_conn_params.o(.data)
    m_current_conn_params                    0x2000207c   Data           8  ble_conn_params.o(.data)
    .data                                    0x20002084   Section       36  pstorage.o(.data)
    m_state                                  0x20002084   Data           1  pstorage.o(.data)
    m_swap_sub_state                         0x20002085   Data           1  pstorage.o(.data)
    m_next_app_instance                      0x20002086   Data           2  pstorage.o(.data)
    m_flags                                  0x20002088   Data           4  pstorage.o(.data)
    m_next_page_addr                         0x2000208c   Data           4  pstorage.o(.data)
    m_head_word_size                         0x20002090   Data           4  pstorage.o(.data)
    m_tail_word_size                         0x20002094   Data           4  pstorage.o(.data)
    m_current_page_id                        0x20002098   Data           4  pstorage.o(.data)
    m_num_of_command_retries                 0x2000209c   Data           4  pstorage.o(.data)
    m_num_of_bytes_written                   0x200020a0   Data           4  pstorage.o(.data)
    m_app_data_size                          0x200020a4   Data           4  pstorage.o(.data)
    .data                                    0x200020a8   Section       20  app_button.o(.data)
    m_button_count                           0x200020a8   Data           1  app_button.o(.data)
    mp_buttons                               0x200020ac   Data           4  app_button.o(.data)
    m_detection_delay                        0x200020b0   Data           4  app_button.o(.data)
    m_pin_state                              0x200020b4   Data           4  app_button.o(.data)
    m_pin_transition                         0x200020b8   Data           4  app_button.o(.data)
    .data                                    0x200020bc   Section       32  app_timer.o(.data)
    m_user_array_size                        0x200020bc   Data           1  app_timer.o(.data)
    m_ticks_elapsed_q_read_ind               0x200020bd   Data           1  app_timer.o(.data)
    m_ticks_elapsed_q_write_ind              0x200020be   Data           1  app_timer.o(.data)
    m_rtc1_running                           0x200020bf   Data           1  app_timer.o(.data)
    m_rtc1_reset                             0x200020c0   Data           1  app_timer.o(.data)
    mp_users                                 0x200020c4   Data           4  app_timer.o(.data)
    mp_timer_id_head                         0x200020c8   Data           4  app_timer.o(.data)
    m_ticks_latest                           0x200020cc   Data           4  app_timer.o(.data)
    m_evt_schedule_func                      0x200020d0   Data           4  app_timer.o(.data)
    m_ticks_elapsed                          0x200020d4   Data           8  app_timer.o(.data)
    .data                                    0x200020dc   Section       20  softdevice_handler.o(.data)
    m_softdevice_enabled                     0x200020dc   Data           1  softdevice_handler.o(.data)
    m_ble_evt_buffer_size                    0x200020de   Data           2  softdevice_handler.o(.data)
    m_evt_schedule_func                      0x200020e0   Data           4  softdevice_handler.o(.data)
    mp_ble_evt_buffer                        0x200020e4   Data           4  softdevice_handler.o(.data)
    m_ble_evt_handler                        0x200020e8   Data           4  softdevice_handler.o(.data)
    m_sys_evt_handler                        0x200020ec   Data           4  softdevice_handler.o(.data)
    .bss                                     0x200020f0   Section      596  main.o(.bss)
    data_array                               0x200020f0   Data          20  main.o(.bss)
    BLE_EVT_BUFFER                           0x20002104   Data          72  main.o(.bss)
    data_array                               0x2000214c   Data          20  main.o(.bss)
    APP_TIMER_BUF                            0x20002160   Data         456  main.o(.bss)
    m_nus                                    0x20002328   Data          28  main.o(.bss)
    .bss                                     0x20002344   Section       32  bsp.o(.bss)
    m_leds_timer_id_data                     0x20002344   Data          32  bsp.o(.bss)
    .bss                                     0x20002364   Section       32  bsp.o(.bss)
    m_alert_timer_id_data                    0x20002364   Data          32  bsp.o(.bss)
    .bss                                     0x20002384   Section       12  bsp.o(.bss)
    m_events_list                            0x20002384   Data          12  bsp.o(.bss)
    .bss                                     0x20002390   Section       32  bsp.o(.bss)
    m_button_timer_id_data                   0x20002390   Data          32  bsp.o(.bss)
    .bss                                     0x200023b0   Section      259  ble_advertising.o(.bss)
    m_advdata                                0x200023b0   Data          56  ble_advertising.o(.bss)
    m_adv_modes_config                       0x200023e8   Data          36  ble_advertising.o(.bss)
    m_whitelist                              0x2000240c   Data          16  ble_advertising.o(.bss)
    mp_whitelist_addr                        0x2000241c   Data          32  ble_advertising.o(.bss)
    mp_whitelist_irk                         0x2000243c   Data          32  ble_advertising.o(.bss)
    m_manuf_specific_data                    0x2000245c   Data          12  ble_advertising.o(.bss)
    m_manuf_data_array                       0x20002468   Data          31  ble_advertising.o(.bss)
    m_service_data                           0x20002488   Data          12  ble_advertising.o(.bss)
    m_service_data_array                     0x20002494   Data          31  ble_advertising.o(.bss)
    .bss                                     0x200024b4   Section       32  ble_conn_params.o(.bss)
    m_conn_params_timer_id_data              0x200024b4   Data          32  ble_conn_params.o(.bss)
    .bss                                     0x200024d4   Section       28  ble_conn_params.o(.bss)
    m_conn_params_config                     0x200024d4   Data          28  ble_conn_params.o(.bss)
    .bss                                     0x200024f0   Section       72  nrf_drv_gpiote.o(.bss)
    m_cb                                     0x200024f0   Data          72  nrf_drv_gpiote.o(.bss)
    .bss                                     0x20002538   Section       24  nrf_drv_uart.o(.bss)
    m_cb                                     0x20002538   Data          24  nrf_drv_uart.o(.bss)
    .bss                                     0x20002550   Section      216  pstorage.o(.bss)
    m_cmd_queue                              0x20002550   Data         204  pstorage.o(.bss)
    m_app_table                              0x2000261c   Data          12  pstorage.o(.bss)
    .bss                                     0x20002628   Section       32  app_button.o(.bss)
    m_detection_delay_timer_id_data          0x20002628   Data          32  app_button.o(.bss)
    STACK                                    0x20002648   Section     2048  arm_startup_nrf51.o(STACK)

    Global Symbols

    Symbol Name                              Value     Ov Type        Size  Object(Section)

    BuildAttributes$$THM_ISAv3M$S$PE$A:L22$X:L11$S22$IEEE1$IW$USESV6$~STKCKD$USESV7$~SHL$OSPACE$EBA8$MICROLIB$REQ8$PRES8$EABIv2 0x00000000   Number         0  anon$$obj.o ABSOLUTE
    __ARM_use_no_argv                        0x00000000   Number         0  main.o ABSOLUTE
    __decompress                              - Undefined Weak Reference
    _clock_init                               - Undefined Weak Reference
    __Vectors_Size                           0x000000c0   Number         0  arm_startup_nrf51.o ABSOLUTE
    __Vectors                                0x00018000   Data           4  arm_startup_nrf51.o(RESET)
    __Vectors_End                            0x000180c0   Data           0  arm_startup_nrf51.o(RESET)
    __main                                   0x000180c1   Thumb Code     0  entry.o(.ARM.Collect$$$$00000000)
    _main_stk                                0x000180c1   Thumb Code     0  entry2.o(.ARM.Collect$$$$00000001)
    _main_scatterload                        0x000180c5   Thumb Code     0  entry5.o(.ARM.Collect$$$$00000004)
    __main_after_scatterload                 0x000180c9   Thumb Code     0  entry5.o(.ARM.Collect$$$$00000004)
    _main_clock                              0x000180c9   Thumb Code     0  entry7b.o(.ARM.Collect$$$$00000008)
    _main_init                               0x000180c9   Thumb Code     0  entry8.o(.ARM.Collect$$$$00000009)
    __asm___11_nrf_delay_c_532987f3__nrf_delay_us 0x000180d5   Thumb Code    30  nrf_delay.o(.emb_text)
    __asm___11_app_timer_c_cd27f9c3__nrf_delay_us 0x000180f5   Thumb Code    30  app_timer.o(.emb_text)
    Reset_Handler                            0x00018115   Thumb Code    26  arm_startup_nrf51.o(.text)
    NMI_Handler                              0x0001812f   Thumb Code     2  arm_startup_nrf51.o(.text)
    HardFault_Handler                        0x00018131   Thumb Code     2  arm_startup_nrf51.o(.text)
    SVC_Handler                              0x00018133   Thumb Code     2  arm_startup_nrf51.o(.text)
    PendSV_Handler                           0x00018135   Thumb Code     2  arm_startup_nrf51.o(.text)
    SysTick_Handler                          0x00018137   Thumb Code     2  arm_startup_nrf51.o(.text)
    ADC_IRQHandler                           0x00018139   Thumb Code     0  arm_startup_nrf51.o(.text)
    CCM_AAR_IRQHandler                       0x00018139   Thumb Code     0  arm_startup_nrf51.o(.text)
    ECB_IRQHandler                           0x00018139   Thumb Code     0  arm_startup_nrf51.o(.text)
    LPCOMP_IRQHandler                        0x00018139   Thumb Code     0  arm_startup_nrf51.o(.text)
    POWER_CLOCK_IRQHandler                   0x00018139   Thumb Code     0  arm_startup_nrf51.o(.text)
    QDEC_IRQHandler                          0x00018139   Thumb Code     0  arm_startup_nrf51.o(.text)
    RADIO_IRQHandler                         0x00018139   Thumb Code     0  arm_startup_nrf51.o(.text)
    RNG_IRQHandler                           0x00018139   Thumb Code     0  arm_startup_nrf51.o(.text)
    RTC0_IRQHandler                          0x00018139   Thumb Code     0  arm_startup_nrf51.o(.text)
    SPI0_TWI0_IRQHandler                     0x00018139   Thumb Code     0  arm_startup_nrf51.o(.text)
    SPI1_TWI1_IRQHandler                     0x00018139   Thumb Code     0  arm_startup_nrf51.o(.text)
    SWI1_IRQHandler                          0x00018139   Thumb Code     0  arm_startup_nrf51.o(.text)
    SWI3_IRQHandler                          0x00018139   Thumb Code     0  arm_startup_nrf51.o(.text)
    SWI4_IRQHandler                          0x00018139   Thumb Code     0  arm_startup_nrf51.o(.text)
    SWI5_IRQHandler                          0x00018139   Thumb Code     0  arm_startup_nrf51.o(.text)
    TEMP_IRQHandler                          0x00018139   Thumb Code     0  arm_startup_nrf51.o(.text)
    TIMER0_IRQHandler                        0x00018139   Thumb Code     0  arm_startup_nrf51.o(.text)
    TIMER1_IRQHandler                        0x00018139   Thumb Code     0  arm_startup_nrf51.o(.text)
    TIMER2_IRQHandler                        0x00018139   Thumb Code     0  arm_startup_nrf51.o(.text)
    WDT_IRQHandler                           0x00018139   Thumb Code     0  arm_startup_nrf51.o(.text)
    __aeabi_uidiv                            0x0001814d   Thumb Code     0  uidiv.o(.text)
    __aeabi_uidivmod                         0x0001814d   Thumb Code    44  uidiv.o(.text)
    __aeabi_memcpy                           0x00018179   Thumb Code    36  memcpya.o(.text)
    __aeabi_memcpy4                          0x00018179   Thumb Code     0  memcpya.o(.text)
    __aeabi_memcpy8                          0x00018179   Thumb Code     0  memcpya.o(.text)
    __aeabi_memset                           0x0001819d   Thumb Code    14  memseta.o(.text)
    __aeabi_memset4                          0x0001819d   Thumb Code     0  memseta.o(.text)
    __aeabi_memset8                          0x0001819d   Thumb Code     0  memseta.o(.text)
    __aeabi_memclr                           0x000181ab   Thumb Code     4  memseta.o(.text)
    __aeabi_memclr4                          0x000181ab   Thumb Code     0  memseta.o(.text)
    __aeabi_memclr8                          0x000181ab   Thumb Code     0  memseta.o(.text)
    _memset$wrapper                          0x000181af   Thumb Code    18  memseta.o(.text)
    __scatterload                            0x000181c1   Thumb Code    28  init.o(.text)
    __scatterload_rt2                        0x000181c1   Thumb Code     0  init.o(.text)
    GPIOTE_IRQHandler                        0x000181e5   Thumb Code   236  nrf_drv_gpiote.o(i.GPIOTE_IRQHandler)
    RTC1_IRQHandler                          0x00018331   Thumb Code    28  app_timer.o(i.RTC1_IRQHandler)
    SWI0_IRQHandler                          0x00018351   Thumb Code     8  app_timer.o(i.SWI0_IRQHandler)
    SWI2_IRQHandler                          0x00018359   Thumb Code    32  softdevice_handler.o(i.SWI2_IRQHandler)
    SystemInit                               0x0001837d   Thumb Code    64  system_nrf51.o(i.SystemInit)
    UART0_IRQHandler                         0x000183d1   Thumb Code   244  nrf_drv_uart.o(i.UART0_IRQHandler)
    __ARM_common_switch8                     0x000184d1   Thumb Code    26  main.o(i.__ARM_common_switch8)
    __scatterload_copy                       0x000184eb   Thumb Code    14  handlers.o(i.__scatterload_copy)
    __scatterload_null                       0x000184f9   Thumb Code     2  handlers.o(i.__scatterload_null)
    __scatterload_zeroinit                   0x000184fb   Thumb Code    14  handlers.o(i.__scatterload_zeroinit)
    adv_data_encode                          0x00018509   Thumb Code   534  ble_advdata.o(i.adv_data_encode)
    all_clear                                0x000187dd   Thumb Code    68  main.o(i.all_clear)
    app_button_enable                        0x00018825   Thumb Code    32  app_button.o(i.app_button_enable)
    app_button_init                          0x00018849   Thumb Code   100  app_button.o(i.app_button_init)
    app_error_handler                        0x000188bd   Thumb Code    16  app_error.o(i.app_error_handler)
    app_timer_create                         0x000188d5   Thumb Code    40  app_timer.o(i.app_timer_create)
    app_timer_init                           0x00018901   Thumb Code   126  app_timer.o(i.app_timer_init)
    app_timer_start                          0x00018991   Thumb Code   114  app_timer.o(i.app_timer_start)
    app_timer_stop                           0x00018a0d   Thumb Code    78  app_timer.o(i.app_timer_stop)
    battery_level_get                        0x00018a61   Thumb Code    64  main.o(i.battery_level_get)
    ble_advdata_set                          0x00018ab1   Thumb Code   104  ble_advdata.o(i.ble_advdata_set)
    ble_advertising_init                     0x00018b19   Thumb Code   272  ble_advertising.o(i.ble_advertising_init)
    ble_advertising_on_ble_evt               0x00018c31   Thumb Code   112  ble_advertising.o(i.ble_advertising_on_ble_evt)
    ble_advertising_restart_without_whitelist 0x00018cb5   Thumb Code    56  ble_advertising.o(i.ble_advertising_restart_without_whitelist)
    ble_advertising_start                    0x00018cf5   Thumb Code   470  ble_advertising.o(i.ble_advertising_start)
    ble_conn_params_init                     0x00018ed5   Thumb Code    68  ble_conn_params.o(i.ble_conn_params_init)
    ble_conn_params_on_ble_evt               0x00018f29   Thumb Code   132  ble_conn_params.o(i.ble_conn_params_on_ble_evt)
    ble_nus_init                             0x00019041   Thumb Code    98  ble_nus.o(i.ble_nus_init)
    ble_nus_on_ble_evt                       0x000190a9   Thumb Code    88  ble_nus.o(i.ble_nus_on_ble_evt)
    ble_nus_string_send                      0x00019101   Thumb Code    78  ble_nus.o(i.ble_nus_string_send)
    bsp_btn_ble_init                         0x00019155   Thumb Code    80  bsp_btn_ble.o(i.bsp_btn_ble_init)
    bsp_btn_ble_on_ble_evt                   0x000191a9   Thumb Code   114  bsp_btn_ble.o(i.bsp_btn_ble_on_ble_evt)
    bsp_btn_ble_sleep_mode_prepare           0x00019221   Thumb Code    20  bsp_btn_ble.o(i.bsp_btn_ble_sleep_mode_prepare)
    bsp_button_is_pressed                    0x000192d5   Thumb Code    34  bsp.o(i.bsp_button_is_pressed)
    bsp_event_handler                        0x00019301   Thumb Code    64  main.o(i.bsp_event_handler)
    bsp_event_to_button_action_assign        0x00019345   Thumb Code    60  bsp.o(i.bsp_event_to_button_action_assign)
    bsp_indication_set                       0x00019385   Thumb Code    22  bsp.o(i.bsp_indication_set)
    bsp_init                                 0x000193a1   Thumb Code   134  bsp.o(i.bsp_init)
    bsp_wakeup_buttons_set                   0x00019665   Thumb Code    50  bsp.o(i.bsp_wakeup_buttons_set)
    check_battery_status                     0x00019721   Thumb Code   128  main.o(i.check_battery_status)
    col1_on                                  0x000197a9   Thumb Code    34  main.o(i.col1_on)
    col2_on                                  0x000197cb   Thumb Code    34  main.o(i.col2_on)
    col3_on                                  0x000197ed   Thumb Code    34  main.o(i.col3_on)
    col4_on                                  0x0001980f   Thumb Code    34  main.o(i.col4_on)
    col5_on                                  0x00019831   Thumb Code    34  main.o(i.col5_on)
    gpio_output                              0x00019a9d   Thumb Code    70  main.o(i.gpio_output)
    intern_softdevice_events_execute         0x00019b39   Thumb Code   124  softdevice_handler.o(i.intern_softdevice_events_execute)
    leds_off                                 0x00019c71   Thumb Code    70  main.o(i.leds_off)
    main                                     0x00019e61   Thumb Code   802  main.o(i.main)
    match                                    0x0001a219   Thumb Code   186  main.o(i.match)
    nrf_delay_ms                             0x0001a379   Thumb Code    22  nrf_delay.o(i.nrf_delay_ms)
    nrf_drv_common_irq_enable                0x0001a395   Thumb Code    78  nrf_drv_common.o(i.nrf_drv_common_irq_enable)
    nrf_drv_gpiote_in_event_enable           0x0001a3f5   Thumb Code   138  nrf_drv_gpiote.o(i.nrf_drv_gpiote_in_event_enable)
    nrf_drv_gpiote_in_init                   0x0001a495   Thumb Code   140  nrf_drv_gpiote.o(i.nrf_drv_gpiote_in_init)
    nrf_drv_gpiote_in_is_set                 0x0001a531   Thumb Code    16  nrf_drv_gpiote.o(i.nrf_drv_gpiote_in_is_set)
    nrf_drv_gpiote_init                      0x0001a545   Thumb Code    76  nrf_drv_gpiote.o(i.nrf_drv_gpiote_init)
    nrf_drv_gpiote_is_init                   0x0001a599   Thumb Code    12  nrf_drv_gpiote.o(i.nrf_drv_gpiote_is_init)
    off                                      0x0001a7b1   Thumb Code    34  main.o(i.off)
    pstorage_access_status_get               0x0001a90d   Thumb Code    30  pstorage.o(i.pstorage_access_status_get)
    set_row1                                 0x0001aaf1   Thumb Code   126  main.o(i.set_row1)
    set_row2                                 0x0001ab75   Thumb Code   126  main.o(i.set_row2)
    set_row3                                 0x0001abf9   Thumb Code   126  main.o(i.set_row3)
    set_row4                                 0x0001ac7d   Thumb Code   126  main.o(i.set_row4)
    set_row5                                 0x0001ad01   Thumb Code   130  main.o(i.set_row5)
    softdevice_assertion_handler             0x0001adbd   Thumb Code    12  softdevice_handler.o(i.softdevice_assertion_handler)
    softdevice_ble_evt_handler_set           0x0001adc9   Thumb Code    16  softdevice_handler.o(i.softdevice_ble_evt_handler_set)
    softdevice_handler_init                  0x0001addd   Thumb Code    40  softdevice_handler.o(i.softdevice_handler_init)
    Region$$Table$$Base                      0x0001b258   Number         0  anon$$obj.o(Region$$Table)
    Region$$Table$$Limit                     0x0001b278   Number         0  anon$$obj.o(Region$$Table)
    leds_running                             0x20002000   Data           1  main.o(.data)
    connected                                0x20002001   Data           1  main.o(.data)
    data_received                            0x20002002   Data           1  main.o(.data)
    led1                                     0x20002004   Data           1  main.o(.data)
    led2                                     0x20002005   Data           1  main.o(.data)
    led3                                     0x20002006   Data           1  main.o(.data)
    led4                                     0x20002007   Data           1  main.o(.data)
    led5                                     0x20002008   Data           1  main.o(.data)
    led6                                     0x20002009   Data           1  main.o(.data)
    led11                                    0x2000200a   Data           1  main.o(.data)
    led12                                    0x2000200b   Data           1  main.o(.data)
    led13                                    0x2000200c   Data           1  main.o(.data)
    led14                                    0x2000200d   Data           1  main.o(.data)
    led15                                    0x2000200e   Data           1  main.o(.data)
    led16                                    0x2000200f   Data           1  main.o(.data)
    led21                                    0x20002010   Data           1  main.o(.data)
    led22                                    0x20002011   Data           1  main.o(.data)
    led23                                    0x20002012   Data           1  main.o(.data)
    led24                                    0x20002013   Data           1  main.o(.data)
    led25                                    0x20002014   Data           1  main.o(.data)
    led26                                    0x20002015   Data           1  main.o(.data)
    led31                                    0x20002016   Data           1  main.o(.data)
    led32                                    0x20002017   Data           1  main.o(.data)
    led33                                    0x20002018   Data           1  main.o(.data)
    led34                                    0x20002019   Data           1  main.o(.data)
    led35                                    0x2000201a   Data           1  main.o(.data)
    led36                                    0x2000201b   Data           1  main.o(.data)
    led41                                    0x2000201c   Data           1  main.o(.data)
    led42                                    0x2000201d   Data           1  main.o(.data)
    led43                                    0x2000201e   Data           1  main.o(.data)
    led44                                    0x2000201f   Data           1  main.o(.data)
    led45                                    0x20002020   Data           1  main.o(.data)
    led46                                    0x20002021   Data           1  main.o(.data)
    next                                     0x20002028   Data           4  main.o(.data)
    SystemCoreClock                          0x2000204c   Data           4  system_nrf51.o(.data)
    __initial_sp                             0x20002e48   Data           0  arm_startup_nrf51.o(STACK)



==============================================================================

Memory Map of the image

  Image Entry point : 0x000180c1

  Load Region LR_IROM1 (Base: 0x00018000, Size: 0x00003368, Max: 0x00028000, ABSOLUTE)

    Execution Region ER_IROM1 (Base: 0x00018000, Size: 0x00003278, Max: 0x00028000, ABSOLUTE)

    Base Addr    Size         Type   Attr      Idx    E Section Name        Object

    0x00018000   0x000000c0   Data   RO          588    RESET               arm_startup_nrf51.o
    0x000180c0   0x00000000   Code   RO         2110  * .ARM.Collect$$$$00000000  mc_p.l(entry.o)
    0x000180c0   0x00000004   Code   RO         2125    .ARM.Collect$$$$00000001  mc_p.l(entry2.o)
    0x000180c4   0x00000004   Code   RO         2128    .ARM.Collect$$$$00000004  mc_p.l(entry5.o)
    0x000180c8   0x00000000   Code   RO         2130    .ARM.Collect$$$$00000008  mc_p.l(entry7b.o)
    0x000180c8   0x00000008   Code   RO         2131    .ARM.Collect$$$$00000009  mc_p.l(entry8.o)
    0x000180d0   0x00000004   Code   RO         2126    .ARM.Collect$$$$00002712  mc_p.l(entry2.o)
    0x000180d4   0x0000001e   Code   RO         1018    .emb_text           nrf_delay.o
    0x000180f2   0x00000002   PAD
    0x000180f4   0x0000001e   Code   RO         1840    .emb_text           app_timer.o
    0x00018112   0x00000002   PAD
    0x00018114   0x00000038   Code   RO          589    .text               arm_startup_nrf51.o
    0x0001814c   0x0000002c   Code   RO         2113    .text               mc_p.l(uidiv.o)
    0x00018178   0x00000024   Code   RO         2117    .text               mc_p.l(memcpya.o)
    0x0001819c   0x00000024   Code   RO         2119    .text               mc_p.l(memseta.o)
    0x000181c0   0x00000024   Code   RO         2132    .text               mc_p.l(init.o)
    0x000181e4   0x00000108   Code   RO         1072    i.GPIOTE_IRQHandler  nrf_drv_gpiote.o
    0x000182ec   0x00000044   Code   RO         1841    i.NVIC_SetPriority  app_timer.o
    0x00018330   0x00000020   Code   RO         1842    i.RTC1_IRQHandler   app_timer.o
    0x00018350   0x00000008   Code   RO         1843    i.SWI0_IRQHandler   app_timer.o
    0x00018358   0x00000024   Code   RO         2039    i.SWI2_IRQHandler   softdevice_handler.o
    0x0001837c   0x00000054   Code   RO          596    i.SystemInit        system_nrf51.o
    0x000183d0   0x00000100   Code   RO         1267    i.UART0_IRQHandler  nrf_drv_uart.o
    0x000184d0   0x0000001a   Code   RO          223    i.__ARM_common_switch8  main.o
    0x000184ea   0x0000000e   Code   RO         2136    i.__scatterload_copy  mc_p.l(handlers.o)
    0x000184f8   0x00000002   Code   RO         2137    i.__scatterload_null  mc_p.l(handlers.o)
    0x000184fa   0x0000000e   Code   RO         2138    i.__scatterload_zeroinit  mc_p.l(handlers.o)
    0x00018508   0x00000216   Code   RO          630    i.adv_data_encode   ble_advdata.o
    0x0001871e   0x0000003c   Code   RO          525    i.advertising_buttons_configure  bsp_btn_ble.o
    0x0001875a   0x00000002   PAD
    0x0001875c   0x00000068   Code   RO            4    i.advertising_init  main.o
    0x000187c4   0x00000018   Code   RO          397    i.alert_timer_handler  bsp.o
    0x000187dc   0x00000048   Code   RO            5    i.all_clear         main.o
    0x00018824   0x00000024   Code   RO         1708    i.app_button_enable  app_button.o
    0x00018848   0x00000074   Code   RO         1709    i.app_button_init   app_button.o
    0x000188bc   0x00000018   Code   RO         1765    i.app_error_handler  app_error.o
    0x000188d4   0x0000002c   Code   RO         1846    i.app_timer_create  app_timer.o
    0x00018900   0x00000090   Code   RO         1847    i.app_timer_init    app_timer.o
    0x00018990   0x0000007c   Code   RO         1848    i.app_timer_start   app_timer.o
    0x00018a0c   0x00000054   Code   RO         1849    i.app_timer_stop    app_timer.o
    0x00018a60   0x00000050   Code   RO            7    i.battery_level_get  main.o
    0x00018ab0   0x00000068   Code   RO          631    i.ble_advdata_set   ble_advdata.o
    0x00018b18   0x00000118   Code   RO          707    i.ble_advertising_init  ble_advertising.o
    0x00018c30   0x00000074   Code   RO          708    i.ble_advertising_on_ble_evt  ble_advertising.o
    0x00018ca4   0x00000010   Code   RO          711    i.ble_advertising_peer_address_clear  ble_advertising.o
    0x00018cb4   0x00000040   Code   RO          712    i.ble_advertising_restart_without_whitelist  ble_advertising.o
    0x00018cf4   0x000001e0   Code   RO          713    i.ble_advertising_start  ble_advertising.o
    0x00018ed4   0x00000054   Code   RO          798    i.ble_conn_params_init  ble_conn_params.o
    0x00018f28   0x00000090   Code   RO          799    i.ble_conn_params_on_ble_evt  ble_conn_params.o
    0x00018fb8   0x0000005e   Code   RO          632    i.ble_device_addr_encode  ble_advdata.o
    0x00019016   0x00000002   PAD
    0x00019018   0x00000028   Code   RO            8    i.ble_evt_dispatch  main.o
    0x00019040   0x00000068   Code   RO          860    i.ble_nus_init      ble_nus.o
    0x000190a8   0x00000058   Code   RO          861    i.ble_nus_on_ble_evt  ble_nus.o
    0x00019100   0x00000054   Code   RO          862    i.ble_nus_string_send  ble_nus.o
    0x00019154   0x00000054   Code   RO          526    i.bsp_btn_ble_init  bsp_btn_ble.o
    0x000191a8   0x00000078   Code   RO          527    i.bsp_btn_ble_on_ble_evt  bsp_btn_ble.o
    0x00019220   0x00000014   Code   RO          528    i.bsp_btn_ble_sleep_mode_prepare  bsp_btn_ble.o
    0x00019234   0x000000a0   Code   RO          398    i.bsp_button_event_handler  bsp.o
    0x000192d4   0x0000002c   Code   RO          399    i.bsp_button_is_pressed  bsp.o
    0x00019300   0x00000044   Code   RO            9    i.bsp_event_handler  main.o
    0x00019344   0x00000040   Code   RO          403    i.bsp_event_to_button_action_assign  bsp.o
    0x00019384   0x0000001c   Code   RO          404    i.bsp_indication_set  bsp.o
    0x000193a0   0x000000a0   Code   RO          406    i.bsp_init          bsp.o
    0x00019440   0x00000224   Code   RO          407    i.bsp_led_indication  bsp.o
    0x00019664   0x0000003c   Code   RO          408    i.bsp_wakeup_buttons_set  bsp.o
    0x000196a0   0x0000000c   Code   RO          409    i.button_timer_handler  bsp.o
    0x000196ac   0x0000001c   Code   RO         1073    i.channel_free      nrf_drv_gpiote.o
    0x000196c8   0x00000048   Code   RO         1074    i.channel_port_alloc  nrf_drv_gpiote.o
    0x00019710   0x00000010   Code   RO         1075    i.channel_port_get  nrf_drv_gpiote.o
    0x00019720   0x00000088   Code   RO           10    i.check_battery_status  main.o
    0x000197a8   0x00000022   Code   RO           11    i.col1_on           main.o
    0x000197ca   0x00000022   Code   RO           12    i.col2_on           main.o
    0x000197ec   0x00000022   Code   RO           13    i.col3_on           main.o
    0x0001980e   0x00000022   Code   RO           14    i.col4_on           main.o
    0x00019830   0x00000022   Code   RO           15    i.col5_on           main.o
    0x00019852   0x00000002   PAD
    0x00019854   0x000000a8   Code   RO         1851    i.compare_reg_update  app_timer.o
    0x000198fc   0x00000088   Code   RO          633    i.conn_int_encode   ble_advdata.o
    0x00019984   0x0000000c   Code   RO           16    i.conn_params_error_handler  main.o
    0x00019990   0x00000068   Code   RO          801    i.conn_params_negotiation  ble_conn_params.o
    0x000199f8   0x00000064   Code   RO         1711    i.detection_delay_timeout_handler  app_button.o
    0x00019a5c   0x00000040   Code   RO         1852    i.elapsed_ticks_acquire  app_timer.o
    0x00019a9c   0x00000046   Code   RO           17    i.gpio_output       main.o
    0x00019ae2   0x00000002   PAD
    0x00019ae4   0x00000054   Code   RO         1712    i.gpiote_event_handler  app_button.o
    0x00019b38   0x00000080   Code   RO         2040    i.intern_softdevice_events_execute  softdevice_handler.o
    0x00019bb8   0x0000001c   Code   RO          802    i.is_conn_params_ok  ble_conn_params.o
    0x00019bd4   0x00000048   Code   RO          597    i.is_manual_peripheral_setup_needed  system_nrf51.o
    0x00019c1c   0x00000054   Code   RO          634    i.le_role_encode    ble_advdata.o
    0x00019c70   0x00000046   Code   RO           18    i.leds_off          main.o
    0x00019cb6   0x00000002   PAD
    0x00019cb8   0x00000018   Code   RO          410    i.leds_timer_handler  bsp.o
    0x00019cd0   0x000000bc   Code   RO         1853    i.list_deletions_handler  app_timer.o
    0x00019d8c   0x000000d4   Code   RO         1854    i.list_insertions_handler  app_timer.o
    0x00019e60   0x00000350   Code   RO           19    i.main              main.o
    0x0001a1b0   0x00000068   Code   RO          635    i.manuf_specific_data_encode  ble_advdata.o
    0x0001a218   0x000000c0   Code   RO           20    i.match             main.o
    0x0001a2d8   0x0000009e   Code   RO          636    i.name_encode       ble_advdata.o
    0x0001a376   0x00000002   PAD
    0x0001a378   0x0000001c   Code   RO         1019    i.nrf_delay_ms      nrf_delay.o
    0x0001a394   0x00000060   Code   RO         1046    i.nrf_drv_common_irq_enable  nrf_drv_common.o
    0x0001a3f4   0x000000a0   Code   RO         1078    i.nrf_drv_gpiote_in_event_enable  nrf_drv_gpiote.o
    0x0001a494   0x0000009c   Code   RO         1079    i.nrf_drv_gpiote_in_init  nrf_drv_gpiote.o
    0x0001a530   0x00000014   Code   RO         1080    i.nrf_drv_gpiote_in_is_set  nrf_drv_gpiote.o
    0x0001a544   0x00000054   Code   RO         1082    i.nrf_drv_gpiote_init  nrf_drv_gpiote.o
    0x0001a598   0x00000010   Code   RO         1083    i.nrf_drv_gpiote_is_init  nrf_drv_gpiote.o
    0x0001a5a8   0x00000024   Code   RO         1095    i.nrf_gpio_cfg      nrf_drv_gpiote.o
    0x0001a5cc   0x00000010   Code   RO           21    i.nrf_gpio_cfg_output  main.o
    0x0001a5dc   0x00000020   Code   RO         1097    i.nrf_gpio_cfg_sense_set  nrf_drv_gpiote.o
    0x0001a5fc   0x00000010   Code   RO           22    i.nrf_gpio_pin_clear  main.o
    0x0001a60c   0x00000010   Code   RO           23    i.nrf_gpio_pin_set  main.o
    0x0001a61c   0x00000014   Code   RO         1098    i.nrf_gpiote_event_is_set  nrf_drv_gpiote.o
    0x0001a630   0x0000000c   Code   RO         1281    i.nrf_uart_errorsrc_get_and_clear  nrf_drv_uart.o
    0x0001a63c   0x0000000a   Code   RO         1282    i.nrf_uart_event_check  nrf_drv_uart.o
    0x0001a646   0x00000010   Code   RO         1284    i.nrf_uart_int_enable_check  nrf_drv_uart.o
    0x0001a656   0x00000002   PAD
    0x0001a658   0x00000158   Code   RO           24    i.nus_data_handler  main.o
    0x0001a7b0   0x00000022   Code   RO           25    i.off               main.o
    0x0001a7d2   0x00000028   Code   RO           26    i.on_adv_evt        main.o
    0x0001a7fa   0x00000002   PAD
    0x0001a7fc   0x00000090   Code   RO           27    i.on_ble_evt        main.o
    0x0001a88c   0x00000024   Code   RO           28    i.on_conn_params_evt  main.o
    0x0001a8b0   0x00000016   Code   RO          715    i.peer_address_exists  ble_advertising.o
    0x0001a8c6   0x00000002   PAD
    0x0001a8c8   0x00000014   Code   RO         1099    i.pin_in_use_by_gpiote  nrf_drv_gpiote.o
    0x0001a8dc   0x00000018   Code   RO         1100    i.pin_in_use_by_port  nrf_drv_gpiote.o
    0x0001a8f4   0x00000018   Code   RO         1101    i.pin_in_use_by_te  nrf_drv_gpiote.o
    0x0001a90c   0x00000028   Code   RO         1447    i.pstorage_access_status_get  pstorage.o
    0x0001a934   0x00000044   Code   RO         1855    i.rtc1_stop         app_timer.o
    0x0001a978   0x0000002c   Code   RO         1286    i.rx_byte           nrf_drv_uart.o
    0x0001a9a4   0x0000009a   Code   RO          863    i.rx_char_add       ble_nus.o
    0x0001aa3e   0x00000002   PAD
    0x0001aa40   0x00000020   Code   RO         1287    i.rx_done_event     nrf_drv_uart.o
    0x0001aa60   0x0000008e   Code   RO          637    i.service_data_encode  ble_advdata.o
    0x0001aaee   0x00000002   PAD
    0x0001aaf0   0x00000084   Code   RO           29    i.set_row1          main.o
    0x0001ab74   0x00000084   Code   RO           30    i.set_row2          main.o
    0x0001abf8   0x00000084   Code   RO           31    i.set_row3          main.o
    0x0001ac7c   0x00000084   Code   RO           32    i.set_row4          main.o
    0x0001ad00   0x00000088   Code   RO           33    i.set_row5          main.o
    0x0001ad88   0x00000034   Code   RO           36    i.sleep_mode_enter  main.o
    0x0001adbc   0x0000000c   Code   RO         2041    i.softdevice_assertion_handler  softdevice_handler.o
    0x0001adc8   0x00000014   Code   RO         2042    i.softdevice_ble_evt_handler_set  softdevice_handler.o
    0x0001addc   0x00000030   Code   RO         2043    i.softdevice_handler_init  softdevice_handler.o
    0x0001ae0c   0x00000080   Code   RO         1856    i.timer_list_handler  app_timer.o
    0x0001ae8c   0x00000010   Code   RO         1857    i.timer_list_handler_sched  app_timer.o
    0x0001ae9c   0x00000040   Code   RO         1858    i.timer_list_insert  app_timer.o
    0x0001aedc   0x00000084   Code   RO         1859    i.timer_timeouts_check  app_timer.o
    0x0001af60   0x0000002c   Code   RO         1289    i.tx_byte           nrf_drv_uart.o
    0x0001af8c   0x0000007c   Code   RO          864    i.tx_char_add       ble_nus.o
    0x0001b008   0x00000020   Code   RO         1290    i.tx_done_event     nrf_drv_uart.o
    0x0001b028   0x0000000a   Code   RO          638    i.uint16_encode     ble_advdata.o
    0x0001b032   0x00000002   PAD
    0x0001b034   0x00000064   Code   RO          803    i.update_timeout_handler  ble_conn_params.o
    0x0001b098   0x00000054   Code   RO         1860    i.user_id_get       app_timer.o
    0x0001b0ec   0x00000026   Code   RO         1861    i.user_op_alloc     app_timer.o
    0x0001b112   0x00000030   Code   RO          639    i.uuid_list_encode  ble_advdata.o
    0x0001b142   0x000000ae   Code   RO          640    i.uuid_list_sized_encode  ble_advdata.o
    0x0001b1f0   0x00000010   Code   RO          716    i.whitelist_has_entries  ble_advertising.o
    0x0001b200   0x0000003c   Data   RO          415    .constdata          bsp.o
    0x0001b23c   0x00000004   Data   RO          806    .constdata          ble_conn_params.o
    0x0001b240   0x00000010   Data   RO          865    .constdata          ble_nus.o
    0x0001b250   0x00000008   Data   RO         1714    .constdata          app_button.o
    0x0001b258   0x00000020   Data   RO         2134    Region$$Table       anon$$obj.o


    Execution Region RW_IRAM1 (Base: 0x20002000, Size: 0x00000e48, Max: 0x00006000, ABSOLUTE)

    Base Addr    Size         Type   Attr      Idx    E Section Name        Object

    0x20002000   0x0000002c   Data   RW           50    .data               main.o
    0x2000202c   0x00000018   Data   RW          416    .data               bsp.o
    0x20002044   0x00000008   Data   RW          529    .data               bsp_btn_ble.o
    0x2000204c   0x00000004   Data   RW          598    .data               system_nrf51.o
    0x20002050   0x0000001f   Data   RW          718    .data               ble_advertising.o
    0x2000206f   0x00000001   PAD
    0x20002070   0x00000014   Data   RW          807    .data               ble_conn_params.o
    0x20002084   0x00000024   Data   RW         1472    .data               pstorage.o
    0x200020a8   0x00000014   Data   RW         1715    .data               app_button.o
    0x200020bc   0x00000020   Data   RW         1862    .data               app_timer.o
    0x200020dc   0x00000014   Data   RW         2047    .data               softdevice_handler.o
    0x200020f0   0x00000254   Zero   RW           38    .bss                main.o
    0x20002344   0x00000020   Zero   RW          411    .bss                bsp.o
    0x20002364   0x00000020   Zero   RW          412    .bss                bsp.o
    0x20002384   0x0000000c   Zero   RW          413    .bss                bsp.o
    0x20002390   0x00000020   Zero   RW          414    .bss                bsp.o
    0x200023b0   0x00000103   Zero   RW          717    .bss                ble_advertising.o
    0x200024b3   0x00000001   PAD
    0x200024b4   0x00000020   Zero   RW          804    .bss                ble_conn_params.o
    0x200024d4   0x0000001c   Zero   RW          805    .bss                ble_conn_params.o
    0x200024f0   0x00000048   Zero   RW         1102    .bss                nrf_drv_gpiote.o
    0x20002538   0x00000018   Zero   RW         1291    .bss                nrf_drv_uart.o
    0x20002550   0x000000d8   Zero   RW         1470    .bss                pstorage.o
    0x20002628   0x00000020   Zero   RW         1713    .bss                app_button.o
    0x20002648   0x00000800   Zero   RW          586    STACK               arm_startup_nrf51.o


==============================================================================

Image component sizes


      Code (inc. data)   RO Data    RW Data    ZI Data      Debug   Object Name

       336         36          8         20         32       8350   app_button.o
        24          8          0          0          0       6704   app_error.o
      1696        154          0         32          0      25207   app_timer.o
         0          0          0          0          0       1404   app_uart_fifo.o
        56         18        192          0       2048        692   arm_startup_nrf51.o
      1588          6          0          0          0      16552   ble_advdata.o
       994         34          0         31        259      12280   ble_advertising.o
       460         58          4         20         60      12312   ble_conn_params.o
       554         12         16          0          0       6042   ble_nus.o
      1124        122         60         24        108      35957   bsp.o
       284         10          0          8          0      34113   bsp_btn_ble.o
      3250        220          0         44        596      80290   main.o
        58          6          0          0          0       1599   nrf_delay.o
        96         18          0          0          0       7432   nrf_drv_common.o
       972        130          0          0         72      20272   nrf_drv_gpiote.o
       446         50          0          0         24      12431   nrf_drv_uart.o
        40         10          0         36        216       9341   pstorage.o
       244         20          0         20          0       9343   softdevice_handler.o
       156         26          0          4          0       2067   system_nrf51.o

    ----------------------------------------------------------------------
     12406        938        312        240       3416     302388   Object Totals
         0          0         32          0          0          0   (incl. Generated)
        28          0          0          1          1          0   (incl. Padding)

    ----------------------------------------------------------------------

      Code (inc. data)   RO Data    RW Data    ZI Data      Debug   Library Member Name

         0          0          0          0          0          0   entry.o
         8          4          0          0          0          0   entry2.o
         4          0          0          0          0          0   entry5.o
         0          0          0          0          0          0   entry7b.o
         8          4          0          0          0          0   entry8.o
        30          0          0          0          0          0   handlers.o
        36          8          0          0          0         68   init.o
        36          0          0          0          0         60   memcpya.o
        36          0          0          0          0        100   memseta.o
        44          0          0          0          0         72   uidiv.o

    ----------------------------------------------------------------------
       202         16          0          0          0        300   Library Totals
         0          0          0          0          0          0   (incl. Padding)

    ----------------------------------------------------------------------

      Code (inc. data)   RO Data    RW Data    ZI Data      Debug   Library Name

       202         16          0          0          0        300   mc_p.l

    ----------------------------------------------------------------------
       202         16          0          0          0        300   Library Totals

    ----------------------------------------------------------------------

==============================================================================


      Code (inc. data)   RO Data    RW Data    ZI Data      Debug   

     12608        954        312        240       3416     296900   Grand Totals
     12608        954        312        240       3416     296900   ELF Image Totals
     12608        954        312        240          0          0   ROM Totals

==============================================================================

    Total RO  Size (Code + RO Data)                12920 (  12.62kB)
    Total RW  Size (RW Data + ZI Data)              3656 (   3.57kB)
    Total ROM Size (Code + RO Data + RW Data)      13160 (  12.85kB)

==============================================================================

